src/data/questions.ts(770,3): error TS1136: Property assignment expected.
src/data/questions.ts(1090,10): error TS1005: ',' expected.
src/data/questions.ts(1090,18): error TS1005: ',' expected.
src/data/questions.ts(1090,21): error TS1005: ',' expected.
src/data/questions.ts(1090,28): error TS1005: ',' expected.
src/data/questions.ts(1090,39): error TS1002: Unterminated string literal.
src/data/questions.ts(1091,5): error TS1005: ':' expected.
src/data/questions.ts(1091,12): error TS1005: ',' expected.
src/data/questions.ts(1092,18): error TS1005: ',' expected.
src/data/questions.ts(1093,10): error TS1005: ',' expected.
src/data/questions.ts(1094,3): error TS1137: Expression or comma expected.
src/data/questions.ts(1094,4): error TS1128: Declaration or statement expected.
src/data/questions.ts(1096,26): error TS1005: ';' expected.
src/data/questions.ts(1096,56): error TS1005: ';' expected.
src/data/questions.ts(1096,74): error TS1005: ';' expected.
src/data/questions.ts(1097,13): error TS1005: ';' expected.
src/data/questions.ts(1098,12): error TS1005: ';' expected.
src/data/questions.ts(1099,18): error TS1005: ';' expected.
src/data/questions.ts(1100,10): error TS1005: ';' expected.
src/data/questions.ts(1101,3): error TS1109: Expression expected.
src/data/questions.ts(1101,4): error TS1128: Declaration or statement expected.
src/data/questions.ts(1103,26): error TS1005: ';' expected.
src/data/questions.ts(1103,56): error TS1005: ';' expected.
src/data/questions.ts(1103,72): error TS1005: ';' expected.
src/data/questions.ts(1104,13): error TS1005: ';' expected.
src/data/questions.ts(1105,12): error TS1005: ';' expected.
src/data/questions.ts(1106,18): error TS1005: ';' expected.
src/data/questions.ts(1107,10): error TS1005: ';' expected.
src/data/questions.ts(1108,16): error TS1005: ';' expected.
src/data/questions.ts(1109,3): error TS1109: Expression expected.
src/data/questions.ts(1109,4): error TS1128: Declaration or statement expected.
src/data/questions.ts(1111,26): error TS1005: ';' expected.
src/data/questions.ts(1111,56): error TS1005: ';' expected.
src/data/questions.ts(1111,72): error TS1005: ';' expected.
src/data/questions.ts(1112,13): error TS1005: ';' expected.
src/data/questions.ts(1113,12): error TS1005: ';' expected.
src/data/questions.ts(1114,18): error TS1005: ';' expected.
src/data/questions.ts(1115,3): error TS1109: Expression expected.
src/data/questions.ts(1115,4): error TS1128: Declaration or statement expected.
src/data/questions.ts(1118,29): error TS1005: ';' expected.
src/data/questions.ts(1118,64): error TS1005: ';' expected.
src/data/questions.ts(1118,80): error TS1005: ';' expected.
src/data/questions.ts(1119,13): error TS1005: ';' expected.
src/data/questions.ts(1120,12): error TS1005: ';' expected.
src/data/questions.ts(1121,18): error TS1005: ';' expected.
src/data/questions.ts(1122,10): error TS1005: ';' expected.
src/data/questions.ts(1123,3): error TS1109: Expression expected.
src/data/questions.ts(1123,4): error TS1128: Declaration or statement expected.
src/data/questions.ts(1125,29): error TS1005: ';' expected.
src/data/questions.ts(1125,64): error TS1005: ';' expected.
src/data/questions.ts(1125,80): error TS1005: ';' expected.
src/data/questions.ts(1126,13): error TS1005: ';' expected.
src/data/questions.ts(1127,12): error TS1005: ';' expected.
src/data/questions.ts(1128,18): error TS1005: ';' expected.
src/data/questions.ts(1129,10): error TS1005: ';' expected.
src/data/questions.ts(1130,3): error TS1109: Expression expected.
src/data/questions.ts(1130,4): error TS1128: Declaration or statement expected.
src/data/questions.ts(1132,29): error TS1005: ';' expected.
src/data/questions.ts(1132,64): error TS1005: ';' expected.
src/data/questions.ts(1132,80): error TS1005: ';' expected.
src/data/questions.ts(1133,13): error TS1005: ';' expected.
src/data/questions.ts(1134,12): error TS1005: ';' expected.
src/data/questions.ts(1135,18): error TS1005: ';' expected.
src/data/questions.ts(1136,10): error TS1005: ';' expected.
src/data/questions.ts(1137,3): error TS1109: Expression expected.
src/data/questions.ts(1137,4): error TS1128: Declaration or statement expected.
src/data/questions.ts(1139,29): error TS1005: ';' expected.
src/data/questions.ts(1139,64): error TS1005: ';' expected.
src/data/questions.ts(1139,80): error TS1005: ';' expected.
src/data/questions.ts(1140,13): error TS1005: ';' expected.
src/data/questions.ts(1141,12): error TS1005: ';' expected.
src/data/questions.ts(1142,18): error TS1005: ';' expected.
src/data/questions.ts(1143,10): error TS1005: ';' expected.
src/data/questions.ts(1144,3): error TS1109: Expression expected.
src/data/questions.ts(1144,4): error TS1128: Declaration or statement expected.
src/data/questions.ts(1146,29): error TS1005: ';' expected.
src/data/questions.ts(1146,64): error TS1005: ';' expected.
src/data/questions.ts(1146,80): error TS1005: ';' expected.
src/data/questions.ts(1147,13): error TS1005: ';' expected.
src/data/questions.ts(1148,12): error TS1005: ';' expected.
src/data/questions.ts(1149,18): error TS1005: ';' expected.
src/data/questions.ts(1150,10): error TS1005: ';' expected.
src/data/questions.ts(1151,3): error TS1109: Expression expected.
src/data/questions.ts(1151,4): error TS1128: Declaration or statement expected.
src/data/questions.ts(1153,29): error TS1005: ';' expected.
src/data/questions.ts(1153,64): error TS1005: ';' expected.
src/data/questions.ts(1153,80): error TS1005: ';' expected.
src/data/questions.ts(1154,13): error TS1005: ';' expected.
src/data/questions.ts(1155,12): error TS1005: ';' expected.
src/data/questions.ts(1156,18): error TS1005: ';' expected.
src/data/questions.ts(1157,10): error TS1005: ';' expected.
src/data/questions.ts(1158,3): error TS1109: Expression expected.
src/data/questions.ts(1158,4): error TS1128: Declaration or statement expected.
src/data/questions.ts(1160,29): error TS1005: ';' expected.
src/data/questions.ts(1160,64): error TS1005: ';' expected.
src/data/questions.ts(1160,80): error TS1005: ';' expected.
src/data/questions.ts(1161,13): error TS1005: ';' expected.
src/data/questions.ts(1162,12): error TS1005: ';' expected.
src/data/questions.ts(1163,18): error TS1005: ';' expected.
src/data/questions.ts(1164,10): error TS1005: ';' expected.
src/data/questions.ts(1165,3): error TS1109: Expression expected.
src/data/questions.ts(1165,4): error TS1128: Declaration or statement expected.
src/data/questions.ts(1167,29): error TS1005: ';' expected.
src/data/questions.ts(1167,64): error TS1005: ';' expected.
src/data/questions.ts(1167,80): error TS1005: ';' expected.
src/data/questions.ts(1168,13): error TS1005: ';' expected.
src/data/questions.ts(1169,12): error TS1005: ';' expected.
src/data/questions.ts(1170,18): error TS1005: ';' expected.
src/data/questions.ts(1171,10): error TS1005: ';' expected.
src/data/questions.ts(1172,3): error TS1109: Expression expected.
src/data/questions.ts(1172,4): error TS1128: Declaration or statement expected.
src/data/questions.ts(1174,29): error TS1005: ';' expected.
src/data/questions.ts(1174,64): error TS1005: ';' expected.
src/data/questions.ts(1174,80): error TS1005: ';' expected.
src/data/questions.ts(1175,13): error TS1005: ';' expected.
src/data/questions.ts(1176,12): error TS1005: ';' expected.
src/data/questions.ts(1177,18): error TS1005: ';' expected.
src/data/questions.ts(1178,10): error TS1005: ';' expected.
src/data/questions.ts(1179,3): error TS1109: Expression expected.
src/data/questions.ts(1179,4): error TS1128: Declaration or statement expected.
src/data/questions.ts(1181,30): error TS1005: ';' expected.
src/data/questions.ts(1181,65): error TS1005: ';' expected.
src/data/questions.ts(1181,81): error TS1005: ';' expected.
src/data/questions.ts(1182,13): error TS1005: ';' expected.
src/data/questions.ts(1183,12): error TS1005: ';' expected.
src/data/questions.ts(1184,18): error TS1005: ';' expected.
src/data/questions.ts(1185,10): error TS1005: ';' expected.
src/data/questions.ts(1186,3): error TS1109: Expression expected.
src/data/questions.ts(1186,4): error TS1128: Declaration or statement expected.
src/data/questions.ts(1188,30): error TS1005: ';' expected.
src/data/questions.ts(1188,65): error TS1005: ';' expected.
src/data/questions.ts(1188,83): error TS1005: ';' expected.
src/data/questions.ts(1189,13): error TS1005: ';' expected.
src/data/questions.ts(1190,12): error TS1005: ';' expected.
src/data/questions.ts(1191,18): error TS1005: ';' expected.
src/data/questions.ts(1192,10): error TS1005: ';' expected.
src/data/questions.ts(1193,3): error TS1109: Expression expected.
src/data/questions.ts(1193,4): error TS1128: Declaration or statement expected.
src/data/questions.ts(1195,30): error TS1005: ';' expected.
src/data/questions.ts(1195,65): error TS1005: ';' expected.
src/data/questions.ts(1195,83): error TS1005: ';' expected.
src/data/questions.ts(1196,13): error TS1005: ';' expected.
src/data/questions.ts(1197,12): error TS1005: ';' expected.
src/data/questions.ts(1198,18): error TS1005: ';' expected.
src/data/questions.ts(1199,10): error TS1005: ';' expected.
src/data/questions.ts(1200,3): error TS1109: Expression expected.
src/data/questions.ts(1200,4): error TS1128: Declaration or statement expected.
src/data/questions.ts(1202,30): error TS1005: ';' expected.
src/data/questions.ts(1202,65): error TS1005: ';' expected.
src/data/questions.ts(1202,83): error TS1005: ';' expected.
src/data/questions.ts(1203,13): error TS1005: ';' expected.
src/data/questions.ts(1204,12): error TS1005: ';' expected.
src/data/questions.ts(1205,18): error TS1005: ';' expected.
src/data/questions.ts(1206,10): error TS1005: ';' expected.
src/data/questions.ts(1207,3): error TS1109: Expression expected.
src/data/questions.ts(1207,4): error TS1128: Declaration or statement expected.
src/data/questions.ts(1209,30): error TS1005: ';' expected.
src/data/questions.ts(1209,65): error TS1005: ';' expected.
src/data/questions.ts(1209,83): error TS1005: ';' expected.
src/data/questions.ts(1210,13): error TS1005: ';' expected.
src/data/questions.ts(1211,12): error TS1005: ';' expected.
src/data/questions.ts(1212,18): error TS1005: ';' expected.
src/data/questions.ts(1213,10): error TS1005: ';' expected.
src/data/questions.ts(1214,3): error TS1109: Expression expected.
src/data/questions.ts(1214,4): error TS1128: Declaration or statement expected.
src/data/questions.ts(1216,30): error TS1005: ';' expected.
src/data/questions.ts(1216,65): error TS1005: ';' expected.
src/data/questions.ts(1216,83): error TS1005: ';' expected.
src/data/questions.ts(1217,13): error TS1005: ';' expected.
src/data/questions.ts(1218,12): error TS1005: ';' expected.
src/data/questions.ts(1219,18): error TS1005: ';' expected.
src/data/questions.ts(1220,10): error TS1005: ';' expected.
src/data/questions.ts(1221,3): error TS1109: Expression expected.
src/data/questions.ts(1221,4): error TS1128: Declaration or statement expected.
src/data/questions.ts(1223,30): error TS1005: ';' expected.
src/data/questions.ts(1223,65): error TS1005: ';' expected.
src/data/questions.ts(1223,83): error TS1005: ';' expected.
src/data/questions.ts(1224,13): error TS1005: ';' expected.
src/data/questions.ts(1225,12): error TS1005: ';' expected.
src/data/questions.ts(1226,18): error TS1005: ';' expected.
src/data/questions.ts(1227,10): error TS1005: ';' expected.
src/data/questions.ts(1228,3): error TS1109: Expression expected.
src/data/questions.ts(1228,4): error TS1128: Declaration or statement expected.
src/data/questions.ts(1230,30): error TS1005: ';' expected.
src/data/questions.ts(1230,65): error TS1005: ';' expected.
src/data/questions.ts(1230,83): error TS1005: ';' expected.
src/data/questions.ts(1231,13): error TS1005: ';' expected.
src/data/questions.ts(1232,12): error TS1005: ';' expected.
src/data/questions.ts(1233,18): error TS1005: ';' expected.
src/data/questions.ts(1234,10): error TS1005: ';' expected.
src/data/questions.ts(1235,3): error TS1109: Expression expected.
src/data/questions.ts(1235,4): error TS1128: Declaration or statement expected.
src/data/questions.ts(1237,30): error TS1005: ';' expected.
src/data/questions.ts(1237,65): error TS1005: ';' expected.
src/data/questions.ts(1237,83): error TS1005: ';' expected.
src/data/questions.ts(1238,13): error TS1005: ';' expected.
src/data/questions.ts(1239,12): error TS1005: ';' expected.
src/data/questions.ts(1240,18): error TS1005: ';' expected.
src/data/questions.ts(1241,10): error TS1005: ';' expected.
src/data/questions.ts(1242,3): error TS1109: Expression expected.
src/data/questions.ts(1242,4): error TS1128: Declaration or statement expected.
src/data/questions.ts(1244,30): error TS1005: ';' expected.
src/data/questions.ts(1244,65): error TS1005: ';' expected.
src/data/questions.ts(1244,83): error TS1005: ';' expected.
src/data/questions.ts(1245,13): error TS1005: ';' expected.
src/data/questions.ts(1246,12): error TS1005: ';' expected.
src/data/questions.ts(1247,18): error TS1005: ';' expected.
src/data/questions.ts(1248,10): error TS1005: ';' expected.
src/data/questions.ts(1249,3): error TS1109: Expression expected.
src/data/questions.ts(1249,4): error TS1128: Declaration or statement expected.
src/data/questions.ts(1251,30): error TS1005: ';' expected.
src/data/questions.ts(1251,65): error TS1005: ';' expected.
src/data/questions.ts(1251,83): error TS1005: ';' expected.
src/data/questions.ts(1252,13): error TS1005: ';' expected.
src/data/questions.ts(1253,12): error TS1005: ';' expected.
src/data/questions.ts(1254,18): error TS1005: ';' expected.
src/data/questions.ts(1255,10): error TS1005: ';' expected.
src/data/questions.ts(1256,3): error TS1109: Expression expected.
src/data/questions.ts(1256,4): error TS1128: Declaration or statement expected.
src/data/questions.ts(1258,30): error TS1005: ';' expected.
src/data/questions.ts(1258,65): error TS1005: ';' expected.
src/data/questions.ts(1258,81): error TS1005: ';' expected.
src/data/questions.ts(1259,13): error TS1005: ';' expected.
src/data/questions.ts(1260,12): error TS1005: ';' expected.
src/data/questions.ts(1261,18): error TS1005: ';' expected.
src/data/questions.ts(1262,10): error TS1005: ';' expected.
src/data/questions.ts(1263,3): error TS1109: Expression expected.
src/data/questions.ts(1263,4): error TS1128: Declaration or statement expected.
src/data/questions.ts(1265,30): error TS1005: ';' expected.
src/data/questions.ts(1265,65): error TS1005: ';' expected.
src/data/questions.ts(1265,81): error TS1005: ';' expected.
src/data/questions.ts(1266,13): error TS1005: ';' expected.
src/data/questions.ts(1267,12): error TS1005: ';' expected.
src/data/questions.ts(1268,18): error TS1005: ';' expected.
src/data/questions.ts(1269,10): error TS1005: ';' expected.
src/data/questions.ts(1270,3): error TS1109: Expression expected.
src/data/questions.ts(1270,4): error TS1128: Declaration or statement expected.
src/data/questions.ts(1272,30): error TS1005: ';' expected.
src/data/questions.ts(1272,65): error TS1005: ';' expected.
src/data/questions.ts(1272,81): error TS1005: ';' expected.
src/data/questions.ts(1273,13): error TS1005: ';' expected.
src/data/questions.ts(1274,12): error TS1005: ';' expected.
src/data/questions.ts(1275,18): error TS1005: ';' expected.
src/data/questions.ts(1276,10): error TS1005: ';' expected.
src/data/questions.ts(1277,3): error TS1109: Expression expected.
src/data/questions.ts(1277,4): error TS1128: Declaration or statement expected.
src/data/questions.ts(1279,30): error TS1005: ';' expected.
src/data/questions.ts(1279,65): error TS1005: ';' expected.
src/data/questions.ts(1279,81): error TS1005: ';' expected.
src/data/questions.ts(1280,13): error TS1005: ';' expected.
src/data/questions.ts(1281,12): error TS1005: ';' expected.
src/data/questions.ts(1282,18): error TS1005: ';' expected.
src/data/questions.ts(1283,10): error TS1005: ';' expected.
src/data/questions.ts(1284,3): error TS1109: Expression expected.
src/data/questions.ts(1284,4): error TS1128: Declaration or statement expected.
src/data/questions.ts(1286,30): error TS1005: ';' expected.
src/data/questions.ts(1286,65): error TS1005: ';' expected.
src/data/questions.ts(1286,81): error TS1005: ';' expected.
src/data/questions.ts(1287,13): error TS1005: ';' expected.
src/data/questions.ts(1288,12): error TS1005: ';' expected.
src/data/questions.ts(1289,18): error TS1005: ';' expected.
src/data/questions.ts(1290,10): error TS1005: ';' expected.
src/data/questions.ts(1291,3): error TS1109: Expression expected.
src/data/questions.ts(1291,4): error TS1128: Declaration or statement expected.
src/data/questions.ts(1293,30): error TS1005: ';' expected.
src/data/questions.ts(1293,65): error TS1005: ';' expected.
src/data/questions.ts(1293,81): error TS1005: ';' expected.
src/data/questions.ts(1294,13): error TS1005: ';' expected.
src/data/questions.ts(1295,12): error TS1005: ';' expected.
src/data/questions.ts(1296,18): error TS1005: ';' expected.
src/data/questions.ts(1297,10): error TS1005: ';' expected.
src/data/questions.ts(1298,3): error TS1109: Expression expected.
src/data/questions.ts(1298,4): error TS1128: Declaration or statement expected.
src/data/questions.ts(1300,30): error TS1005: ';' expected.
src/data/questions.ts(1300,65): error TS1005: ';' expected.
src/data/questions.ts(1300,81): error TS1005: ';' expected.
src/data/questions.ts(1301,13): error TS1005: ';' expected.
src/data/questions.ts(1302,12): error TS1005: ';' expected.
src/data/questions.ts(1303,18): error TS1005: ';' expected.
src/data/questions.ts(1304,10): error TS1005: ';' expected.
src/data/questions.ts(1305,3): error TS1109: Expression expected.
src/data/questions.ts(1305,4): error TS1128: Declaration or statement expected.
src/data/questions.ts(1307,30): error TS1005: ';' expected.
src/data/questions.ts(1307,65): error TS1005: ';' expected.
src/data/questions.ts(1307,81): error TS1005: ';' expected.
src/data/questions.ts(1308,13): error TS1005: ';' expected.
src/data/questions.ts(1309,12): error TS1005: ';' expected.
src/data/questions.ts(1310,18): error TS1005: ';' expected.
src/data/questions.ts(1311,10): error TS1005: ';' expected.
src/data/questions.ts(1312,3): error TS1109: Expression expected.
src/data/questions.ts(1312,4): error TS1128: Declaration or statement expected.
src/data/questions.ts(1314,30): error TS1005: ';' expected.
src/data/questions.ts(1314,65): error TS1005: ';' expected.
src/data/questions.ts(1314,81): error TS1005: ';' expected.
src/data/questions.ts(1315,13): error TS1005: ';' expected.
src/data/questions.ts(1316,12): error TS1005: ';' expected.
src/data/questions.ts(1317,18): error TS1005: ';' expected.
src/data/questions.ts(1318,10): error TS1005: ';' expected.
src/data/questions.ts(1319,3): error TS1109: Expression expected.
src/data/questions.ts(1319,4): error TS1128: Declaration or statement expected.
src/data/questions.ts(1321,30): error TS1005: ';' expected.
src/data/questions.ts(1321,65): error TS1005: ';' expected.
src/data/questions.ts(1321,81): error TS1005: ';' expected.
src/data/questions.ts(1322,13): error TS1005: ';' expected.
src/data/questions.ts(1323,12): error TS1005: ';' expected.
src/data/questions.ts(1324,18): error TS1005: ';' expected.
src/data/questions.ts(1325,3): error TS1109: Expression expected.
src/data/questions.ts(1325,4): error TS1128: Declaration or statement expected.
src/data/questions.ts(1328,29): error TS1005: ';' expected.
src/data/questions.ts(1328,71): error TS1005: ';' expected.
src/data/questions.ts(1328,87): error TS1005: ';' expected.
src/data/questions.ts(1329,13): error TS1005: ';' expected.
src/data/questions.ts(1330,12): error TS1005: ';' expected.
src/data/questions.ts(1331,18): error TS1005: ';' expected.
src/data/questions.ts(1332,10): error TS1005: ';' expected.
src/data/questions.ts(1333,3): error TS1109: Expression expected.
src/data/questions.ts(1333,4): error TS1128: Declaration or statement expected.
src/data/questions.ts(1335,29): error TS1005: ';' expected.
src/data/questions.ts(1335,71): error TS1005: ';' expected.
src/data/questions.ts(1335,87): error TS1005: ';' expected.
src/data/questions.ts(1336,13): error TS1005: ';' expected.
src/data/questions.ts(1337,12): error TS1005: ';' expected.
src/data/questions.ts(1338,18): error TS1005: ';' expected.
src/data/questions.ts(1339,10): error TS1005: ';' expected.
src/data/questions.ts(1340,3): error TS1109: Expression expected.
src/data/questions.ts(1340,4): error TS1128: Declaration or statement expected.
src/data/questions.ts(1342,29): error TS1005: ';' expected.
src/data/questions.ts(1342,71): error TS1005: ';' expected.
src/data/questions.ts(1342,87): error TS1005: ';' expected.
src/data/questions.ts(1343,13): error TS1005: ';' expected.
src/data/questions.ts(1344,12): error TS1005: ';' expected.
src/data/questions.ts(1345,18): error TS1005: ';' expected.
src/data/questions.ts(1346,10): error TS1005: ';' expected.
src/data/questions.ts(1347,3): error TS1109: Expression expected.
src/data/questions.ts(1347,4): error TS1128: Declaration or statement expected.
src/data/questions.ts(1349,29): error TS1005: ';' expected.
src/data/questions.ts(1349,71): error TS1005: ';' expected.
src/data/questions.ts(1349,87): error TS1005: ';' expected.
src/data/questions.ts(1350,13): error TS1005: ';' expected.
src/data/questions.ts(1351,12): error TS1005: ';' expected.
src/data/questions.ts(1352,18): error TS1005: ';' expected.
src/data/questions.ts(1353,10): error TS1005: ';' expected.
src/data/questions.ts(1354,3): error TS1109: Expression expected.
src/data/questions.ts(1354,4): error TS1128: Declaration or statement expected.
src/data/questions.ts(1356,29): error TS1005: ';' expected.
src/data/questions.ts(1356,71): error TS1005: ';' expected.
src/data/questions.ts(1356,87): error TS1005: ';' expected.
src/data/questions.ts(1357,13): error TS1005: ';' expected.
src/data/questions.ts(1358,12): error TS1005: ';' expected.
src/data/questions.ts(1359,18): error TS1005: ';' expected.
src/data/questions.ts(1360,10): error TS1005: ';' expected.
src/data/questions.ts(1361,3): error TS1109: Expression expected.
src/data/questions.ts(1361,4): error TS1128: Declaration or statement expected.
src/data/questions.ts(1363,29): error TS1005: ';' expected.
src/data/questions.ts(1363,71): error TS1005: ';' expected.
src/data/questions.ts(1363,87): error TS1005: ';' expected.
src/data/questions.ts(1364,13): error TS1005: ';' expected.
src/data/questions.ts(1365,12): error TS1005: ';' expected.
src/data/questions.ts(1366,18): error TS1005: ';' expected.
src/data/questions.ts(1367,10): error TS1005: ';' expected.
src/data/questions.ts(1368,3): error TS1109: Expression expected.
src/data/questions.ts(1368,4): error TS1128: Declaration or statement expected.
src/data/questions.ts(1370,29): error TS1005: ';' expected.
src/data/questions.ts(1370,71): error TS1005: ';' expected.
src/data/questions.ts(1370,87): error TS1005: ';' expected.
src/data/questions.ts(1371,13): error TS1005: ';' expected.
src/data/questions.ts(1372,12): error TS1005: ';' expected.
src/data/questions.ts(1373,18): error TS1005: ';' expected.
src/data/questions.ts(1374,10): error TS1005: ';' expected.
src/data/questions.ts(1375,3): error TS1109: Expression expected.
src/data/questions.ts(1375,4): error TS1128: Declaration or statement expected.
src/data/questions.ts(1377,29): error TS1005: ';' expected.
src/data/questions.ts(1377,71): error TS1005: ';' expected.
src/data/questions.ts(1377,87): error TS1005: ';' expected.
src/data/questions.ts(1378,13): error TS1005: ';' expected.
src/data/questions.ts(1379,12): error TS1005: ';' expected.
src/data/questions.ts(1380,18): error TS1005: ';' expected.
src/data/questions.ts(1381,10): error TS1005: ';' expected.
src/data/questions.ts(1382,3): error TS1109: Expression expected.
src/data/questions.ts(1382,4): error TS1128: Declaration or statement expected.
src/data/questions.ts(1384,29): error TS1005: ';' expected.
src/data/questions.ts(1384,71): error TS1005: ';' expected.
src/data/questions.ts(1384,87): error TS1005: ';' expected.
src/data/questions.ts(1385,13): error TS1005: ';' expected.
src/data/questions.ts(1386,12): error TS1005: ';' expected.
src/data/questions.ts(1387,18): error TS1005: ';' expected.
src/data/questions.ts(1388,10): error TS1005: ';' expected.
src/data/questions.ts(1389,3): error TS1109: Expression expected.
src/data/questions.ts(1389,4): error TS1128: Declaration or statement expected.
src/data/questions.ts(1391,30): error TS1005: ';' expected.
src/data/questions.ts(1391,72): error TS1005: ';' expected.
src/data/questions.ts(1391,88): error TS1005: ';' expected.
src/data/questions.ts(1392,13): error TS1005: ';' expected.
src/data/questions.ts(1393,12): error TS1005: ';' expected.
src/data/questions.ts(1394,18): error TS1005: ';' expected.
src/data/questions.ts(1395,10): error TS1005: ';' expected.
src/data/questions.ts(1396,3): error TS1109: Expression expected.
src/data/questions.ts(1396,4): error TS1128: Declaration or statement expected.
src/data/questions.ts(1398,30): error TS1005: ';' expected.
src/data/questions.ts(1398,72): error TS1005: ';' expected.
src/data/questions.ts(1398,90): error TS1005: ';' expected.
src/data/questions.ts(1399,13): error TS1005: ';' expected.
src/data/questions.ts(1400,12): error TS1005: ';' expected.
src/data/questions.ts(1401,18): error TS1005: ';' expected.
src/data/questions.ts(1402,10): error TS1005: ';' expected.
src/data/questions.ts(1403,3): error TS1109: Expression expected.
src/data/questions.ts(1403,4): error TS1128: Declaration or statement expected.
src/data/questions.ts(1405,30): error TS1005: ';' expected.
src/data/questions.ts(1405,72): error TS1005: ';' expected.
src/data/questions.ts(1405,90): error TS1005: ';' expected.
src/data/questions.ts(1406,13): error TS1005: ';' expected.
src/data/questions.ts(1407,12): error TS1005: ';' expected.
src/data/questions.ts(1408,18): error TS1005: ';' expected.
src/data/questions.ts(1409,10): error TS1005: ';' expected.
src/data/questions.ts(1410,3): error TS1109: Expression expected.
src/data/questions.ts(1410,4): error TS1128: Declaration or statement expected.
src/data/questions.ts(1412,30): error TS1005: ';' expected.
src/data/questions.ts(1412,72): error TS1005: ';' expected.
src/data/questions.ts(1412,90): error TS1005: ';' expected.
src/data/questions.ts(1413,13): error TS1005: ';' expected.
src/data/questions.ts(1414,12): error TS1005: ';' expected.
src/data/questions.ts(1415,18): error TS1005: ';' expected.
src/data/questions.ts(1416,10): error TS1005: ';' expected.
src/data/questions.ts(1417,3): error TS1109: Expression expected.
src/data/questions.ts(1417,4): error TS1128: Declaration or statement expected.
src/data/questions.ts(1419,30): error TS1005: ';' expected.
src/data/questions.ts(1419,72): error TS1005: ';' expected.
src/data/questions.ts(1419,90): error TS1005: ';' expected.
src/data/questions.ts(1420,13): error TS1005: ';' expected.
src/data/questions.ts(1421,12): error TS1005: ';' expected.
src/data/questions.ts(1422,18): error TS1005: ';' expected.
src/data/questions.ts(1423,10): error TS1005: ';' expected.
src/data/questions.ts(1424,3): error TS1109: Expression expected.
src/data/questions.ts(1424,4): error TS1128: Declaration or statement expected.
src/data/questions.ts(1426,30): error TS1005: ';' expected.
src/data/questions.ts(1426,72): error TS1005: ';' expected.
src/data/questions.ts(1426,90): error TS1005: ';' expected.
src/data/questions.ts(1427,13): error TS1005: ';' expected.
src/data/questions.ts(1428,12): error TS1005: ';' expected.
src/data/questions.ts(1429,18): error TS1005: ';' expected.
src/data/questions.ts(1430,10): error TS1005: ';' expected.
src/data/questions.ts(1431,3): error TS1109: Expression expected.
src/data/questions.ts(1431,4): error TS1128: Declaration or statement expected.
src/data/questions.ts(1433,30): error TS1005: ';' expected.
src/data/questions.ts(1433,72): error TS1005: ';' expected.
src/data/questions.ts(1433,90): error TS1005: ';' expected.
src/data/questions.ts(1434,13): error TS1005: ';' expected.
src/data/questions.ts(1435,12): error TS1005: ';' expected.
src/data/questions.ts(1436,18): error TS1005: ';' expected.
src/data/questions.ts(1437,10): error TS1005: ';' expected.
src/data/questions.ts(1438,3): error TS1109: Expression expected.
src/data/questions.ts(1438,4): error TS1128: Declaration or statement expected.
src/data/questions.ts(1440,30): error TS1005: ';' expected.
src/data/questions.ts(1440,72): error TS1005: ';' expected.
src/data/questions.ts(1440,90): error TS1005: ';' expected.
src/data/questions.ts(1441,13): error TS1005: ';' expected.
src/data/questions.ts(1442,12): error TS1005: ';' expected.
src/data/questions.ts(1443,18): error TS1005: ';' expected.
src/data/questions.ts(1444,10): error TS1005: ';' expected.
src/data/questions.ts(1445,3): error TS1109: Expression expected.
src/data/questions.ts(1445,4): error TS1128: Declaration or statement expected.
src/data/questions.ts(1447,30): error TS1005: ';' expected.
src/data/questions.ts(1447,72): error TS1005: ';' expected.
src/data/questions.ts(1447,90): error TS1005: ';' expected.
src/data/questions.ts(1448,13): error TS1005: ';' expected.
src/data/questions.ts(1449,12): error TS1005: ';' expected.
src/data/questions.ts(1450,18): error TS1005: ';' expected.
src/data/questions.ts(1451,10): error TS1005: ';' expected.
src/data/questions.ts(1452,3): error TS1109: Expression expected.
src/data/questions.ts(1452,4): error TS1128: Declaration or statement expected.
src/data/questions.ts(1454,30): error TS1005: ';' expected.
src/data/questions.ts(1454,72): error TS1005: ';' expected.
src/data/questions.ts(1454,90): error TS1005: ';' expected.
src/data/questions.ts(1455,13): error TS1005: ';' expected.
src/data/questions.ts(1456,12): error TS1005: ';' expected.
src/data/questions.ts(1457,18): error TS1005: ';' expected.
src/data/questions.ts(1458,10): error TS1005: ';' expected.
src/data/questions.ts(1459,3): error TS1109: Expression expected.
src/data/questions.ts(1459,4): error TS1128: Declaration or statement expected.
src/data/questions.ts(1461,30): error TS1005: ';' expected.
src/data/questions.ts(1461,72): error TS1005: ';' expected.
src/data/questions.ts(1461,90): error TS1005: ';' expected.
src/data/questions.ts(1462,13): error TS1005: ';' expected.
src/data/questions.ts(1463,12): error TS1005: ';' expected.
src/data/questions.ts(1464,18): error TS1005: ';' expected.
src/data/questions.ts(1465,10): error TS1005: ';' expected.
src/data/questions.ts(1466,3): error TS1109: Expression expected.
src/data/questions.ts(1466,4): error TS1128: Declaration or statement expected.
src/data/questions.ts(1468,30): error TS1005: ';' expected.
src/data/questions.ts(1468,72): error TS1005: ';' expected.
src/data/questions.ts(1468,88): error TS1005: ';' expected.
src/data/questions.ts(1469,13): error TS1005: ';' expected.
src/data/questions.ts(1470,12): error TS1005: ';' expected.
src/data/questions.ts(1471,18): error TS1005: ';' expected.
src/data/questions.ts(1472,10): error TS1005: ';' expected.
src/data/questions.ts(1473,3): error TS1109: Expression expected.
src/data/questions.ts(1473,4): error TS1128: Declaration or statement expected.
src/data/questions.ts(1475,30): error TS1005: ';' expected.
src/data/questions.ts(1475,72): error TS1005: ';' expected.
src/data/questions.ts(1475,88): error TS1005: ';' expected.
src/data/questions.ts(1476,13): error TS1005: ';' expected.
src/data/questions.ts(1477,12): error TS1005: ';' expected.
src/data/questions.ts(1478,18): error TS1005: ';' expected.
src/data/questions.ts(1479,10): error TS1005: ';' expected.
src/data/questions.ts(1480,3): error TS1109: Expression expected.
src/data/questions.ts(1480,4): error TS1128: Declaration or statement expected.
src/data/questions.ts(1482,30): error TS1005: ';' expected.
src/data/questions.ts(1482,72): error TS1005: ';' expected.
src/data/questions.ts(1482,88): error TS1005: ';' expected.
src/data/questions.ts(1483,13): error TS1005: ';' expected.
src/data/questions.ts(1484,12): error TS1005: ';' expected.
src/data/questions.ts(1485,18): error TS1005: ';' expected.
src/data/questions.ts(1486,10): error TS1005: ';' expected.
src/data/questions.ts(1487,3): error TS1109: Expression expected.
src/data/questions.ts(1487,4): error TS1128: Declaration or statement expected.
src/data/questions.ts(1489,30): error TS1005: ';' expected.
src/data/questions.ts(1489,72): error TS1005: ';' expected.
src/data/questions.ts(1489,88): error TS1005: ';' expected.
src/data/questions.ts(1490,13): error TS1005: ';' expected.
src/data/questions.ts(1491,12): error TS1005: ';' expected.
src/data/questions.ts(1492,18): error TS1005: ';' expected.
src/data/questions.ts(1493,10): error TS1005: ';' expected.
src/data/questions.ts(1494,3): error TS1109: Expression expected.
src/data/questions.ts(1494,4): error TS1128: Declaration or statement expected.
src/data/questions.ts(1496,30): error TS1005: ';' expected.
src/data/questions.ts(1496,72): error TS1005: ';' expected.
src/data/questions.ts(1496,88): error TS1005: ';' expected.
src/data/questions.ts(1497,13): error TS1005: ';' expected.
src/data/questions.ts(1498,12): error TS1005: ';' expected.
src/data/questions.ts(1499,18): error TS1005: ';' expected.
src/data/questions.ts(1500,10): error TS1005: ';' expected.
src/data/questions.ts(1501,3): error TS1109: Expression expected.
src/data/questions.ts(1501,4): error TS1128: Declaration or statement expected.
src/data/questions.ts(1503,30): error TS1005: ';' expected.
src/data/questions.ts(1503,72): error TS1005: ';' expected.
src/data/questions.ts(1503,88): error TS1005: ';' expected.
src/data/questions.ts(1504,13): error TS1005: ';' expected.
src/data/questions.ts(1505,12): error TS1005: ';' expected.
src/data/questions.ts(1506,18): error TS1005: ';' expected.
src/data/questions.ts(1507,10): error TS1005: ';' expected.
src/data/questions.ts(1508,3): error TS1109: Expression expected.
src/data/questions.ts(1508,4): error TS1128: Declaration or statement expected.
src/data/questions.ts(1510,30): error TS1005: ';' expected.
src/data/questions.ts(1510,72): error TS1005: ';' expected.
src/data/questions.ts(1510,88): error TS1005: ';' expected.
src/data/questions.ts(1511,13): error TS1005: ';' expected.
src/data/questions.ts(1512,12): error TS1005: ';' expected.
src/data/questions.ts(1513,18): error TS1005: ';' expected.
src/data/questions.ts(1514,10): error TS1005: ';' expected.
src/data/questions.ts(1515,3): error TS1109: Expression expected.
src/data/questions.ts(1515,4): error TS1128: Declaration or statement expected.
src/data/questions.ts(1517,30): error TS1005: ';' expected.
src/data/questions.ts(1517,72): error TS1005: ';' expected.
src/data/questions.ts(1517,88): error TS1005: ';' expected.
src/data/questions.ts(1518,13): error TS1005: ';' expected.
src/data/questions.ts(1519,12): error TS1005: ';' expected.
src/data/questions.ts(1520,18): error TS1005: ';' expected.
src/data/questions.ts(1521,10): error TS1005: ';' expected.
src/data/questions.ts(1522,3): error TS1109: Expression expected.
src/data/questions.ts(1522,4): error TS1128: Declaration or statement expected.
src/data/questions.ts(1524,30): error TS1005: ';' expected.
src/data/questions.ts(1524,72): error TS1005: ';' expected.
src/data/questions.ts(1524,88): error TS1005: ';' expected.
src/data/questions.ts(1525,13): error TS1005: ';' expected.
src/data/questions.ts(1526,12): error TS1005: ';' expected.
src/data/questions.ts(1527,18): error TS1005: ';' expected.
src/data/questions.ts(1528,10): error TS1005: ';' expected.
src/data/questions.ts(1529,3): error TS1109: Expression expected.
src/data/questions.ts(1529,4): error TS1128: Declaration or statement expected.
src/data/questions.ts(1531,30): error TS1005: ';' expected.
src/data/questions.ts(1531,72): error TS1005: ';' expected.
src/data/questions.ts(1531,88): error TS1005: ';' expected.
src/data/questions.ts(1532,13): error TS1005: ';' expected.
src/data/questions.ts(1533,12): error TS1005: ';' expected.
src/data/questions.ts(1534,18): error TS1005: ';' expected.
src/data/questions.ts(1535,3): error TS1109: Expression expected.
src/data/questions.ts(1535,4): error TS1128: Declaration or statement expected.
src/data/questions.ts(1538,29): error TS1005: ';' expected.
src/data/questions.ts(1538,60): error TS1005: ';' expected.
src/data/questions.ts(1538,76): error TS1005: ';' expected.
src/data/questions.ts(1539,13): error TS1005: ';' expected.
src/data/questions.ts(1540,12): error TS1005: ';' expected.
src/data/questions.ts(1541,18): error TS1005: ';' expected.
src/data/questions.ts(1542,10): error TS1005: ';' expected.
src/data/questions.ts(1543,3): error TS1109: Expression expected.
src/data/questions.ts(1543,4): error TS1128: Declaration or statement expected.
src/data/questions.ts(1545,29): error TS1005: ';' expected.
src/data/questions.ts(1545,60): error TS1005: ';' expected.
src/data/questions.ts(1545,76): error TS1005: ';' expected.
src/data/questions.ts(1546,13): error TS1005: ';' expected.
src/data/questions.ts(1547,12): error TS1005: ';' expected.
src/data/questions.ts(1548,18): error TS1005: ';' expected.
src/data/questions.ts(1549,10): error TS1005: ';' expected.
src/data/questions.ts(1550,3): error TS1109: Expression expected.
src/data/questions.ts(1550,4): error TS1128: Declaration or statement expected.
src/data/questions.ts(1552,29): error TS1005: ';' expected.
src/data/questions.ts(1552,60): error TS1005: ';' expected.
src/data/questions.ts(1552,76): error TS1005: ';' expected.
src/data/questions.ts(1553,13): error TS1005: ';' expected.
src/data/questions.ts(1554,12): error TS1005: ';' expected.
src/data/questions.ts(1555,18): error TS1005: ';' expected.
src/data/questions.ts(1556,10): error TS1005: ';' expected.
src/data/questions.ts(1557,3): error TS1109: Expression expected.
src/data/questions.ts(1557,4): error TS1128: Declaration or statement expected.
src/data/questions.ts(1559,29): error TS1005: ';' expected.
src/data/questions.ts(1559,60): error TS1005: ';' expected.
src/data/questions.ts(1559,76): error TS1005: ';' expected.
src/data/questions.ts(1560,13): error TS1005: ';' expected.
src/data/questions.ts(1561,12): error TS1005: ';' expected.
src/data/questions.ts(1562,18): error TS1005: ';' expected.
src/data/questions.ts(1563,10): error TS1005: ';' expected.
src/data/questions.ts(1564,3): error TS1109: Expression expected.
src/data/questions.ts(1564,4): error TS1128: Declaration or statement expected.
src/data/questions.ts(1566,29): error TS1005: ';' expected.
src/data/questions.ts(1566,60): error TS1005: ';' expected.
src/data/questions.ts(1566,76): error TS1005: ';' expected.
src/data/questions.ts(1567,13): error TS1005: ';' expected.
src/data/questions.ts(1568,12): error TS1005: ';' expected.
src/data/questions.ts(1569,18): error TS1005: ';' expected.
src/data/questions.ts(1570,10): error TS1005: ';' expected.
src/data/questions.ts(1571,3): error TS1109: Expression expected.
src/data/questions.ts(1571,4): error TS1128: Declaration or statement expected.
src/data/questions.ts(1573,29): error TS1005: ';' expected.
src/data/questions.ts(1573,60): error TS1005: ';' expected.
src/data/questions.ts(1573,76): error TS1005: ';' expected.
src/data/questions.ts(1574,13): error TS1005: ';' expected.
src/data/questions.ts(1575,12): error TS1005: ';' expected.
src/data/questions.ts(1576,18): error TS1005: ';' expected.
src/data/questions.ts(1577,10): error TS1005: ';' expected.
src/data/questions.ts(1578,3): error TS1109: Expression expected.
src/data/questions.ts(1578,4): error TS1128: Declaration or statement expected.
src/data/questions.ts(1580,29): error TS1005: ';' expected.
src/data/questions.ts(1580,60): error TS1005: ';' expected.
src/data/questions.ts(1580,76): error TS1005: ';' expected.
src/data/questions.ts(1581,13): error TS1005: ';' expected.
src/data/questions.ts(1582,12): error TS1005: ';' expected.
src/data/questions.ts(1583,18): error TS1005: ';' expected.
src/data/questions.ts(1584,10): error TS1005: ';' expected.
src/data/questions.ts(1585,3): error TS1109: Expression expected.
src/data/questions.ts(1585,4): error TS1128: Declaration or statement expected.
src/data/questions.ts(1587,29): error TS1005: ';' expected.
src/data/questions.ts(1587,60): error TS1005: ';' expected.
src/data/questions.ts(1587,76): error TS1005: ';' expected.
src/data/questions.ts(1588,13): error TS1005: ';' expected.
src/data/questions.ts(1589,12): error TS1005: ';' expected.
src/data/questions.ts(1590,18): error TS1005: ';' expected.
src/data/questions.ts(1591,10): error TS1005: ';' expected.
src/data/questions.ts(1592,3): error TS1109: Expression expected.
src/data/questions.ts(1592,4): error TS1128: Declaration or statement expected.
src/data/questions.ts(1594,29): error TS1005: ';' expected.
src/data/questions.ts(1594,60): error TS1005: ';' expected.
src/data/questions.ts(1594,76): error TS1005: ';' expected.
src/data/questions.ts(1595,13): error TS1005: ';' expected.
src/data/questions.ts(1596,12): error TS1005: ';' expected.
src/data/questions.ts(1597,18): error TS1005: ';' expected.
src/data/questions.ts(1598,10): error TS1005: ';' expected.
src/data/questions.ts(1599,3): error TS1109: Expression expected.
src/data/questions.ts(1599,4): error TS1128: Declaration or statement expected.
src/data/questions.ts(1601,30): error TS1005: ';' expected.
src/data/questions.ts(1601,61): error TS1005: ';' expected.
src/data/questions.ts(1601,77): error TS1005: ';' expected.
src/data/questions.ts(1602,13): error TS1005: ';' expected.
src/data/questions.ts(1603,12): error TS1005: ';' expected.
src/data/questions.ts(1604,18): error TS1005: ';' expected.
src/data/questions.ts(1605,10): error TS1005: ';' expected.
src/data/questions.ts(1606,3): error TS1109: Expression expected.
src/data/questions.ts(1606,4): error TS1128: Declaration or statement expected.
src/data/questions.ts(1608,30): error TS1005: ';' expected.
src/data/questions.ts(1608,61): error TS1005: ';' expected.
src/data/questions.ts(1608,79): error TS1005: ';' expected.
src/data/questions.ts(1609,13): error TS1005: ';' expected.
src/data/questions.ts(1610,12): error TS1005: ';' expected.
src/data/questions.ts(1611,18): error TS1005: ';' expected.
src/data/questions.ts(1612,10): error TS1005: ';' expected.
src/data/questions.ts(1613,3): error TS1109: Expression expected.
src/data/questions.ts(1613,4): error TS1128: Declaration or statement expected.
src/data/questions.ts(1615,30): error TS1005: ';' expected.
src/data/questions.ts(1615,61): error TS1005: ';' expected.
src/data/questions.ts(1615,79): error TS1005: ';' expected.
src/data/questions.ts(1616,13): error TS1005: ';' expected.
src/data/questions.ts(1617,12): error TS1005: ';' expected.
src/data/questions.ts(1618,18): error TS1005: ';' expected.
src/data/questions.ts(1619,10): error TS1005: ';' expected.
src/data/questions.ts(1620,3): error TS1109: Expression expected.
src/data/questions.ts(1620,4): error TS1128: Declaration or statement expected.
src/data/questions.ts(1622,30): error TS1005: ';' expected.
src/data/questions.ts(1622,61): error TS1005: ';' expected.
src/data/questions.ts(1622,79): error TS1005: ';' expected.
src/data/questions.ts(1623,13): error TS1005: ';' expected.
src/data/questions.ts(1624,12): error TS1005: ';' expected.
src/data/questions.ts(1625,18): error TS1005: ';' expected.
src/data/questions.ts(1626,10): error TS1005: ';' expected.
src/data/questions.ts(1627,3): error TS1109: Expression expected.
src/data/questions.ts(1627,4): error TS1128: Declaration or statement expected.
src/data/questions.ts(1629,30): error TS1005: ';' expected.
src/data/questions.ts(1629,61): error TS1005: ';' expected.
src/data/questions.ts(1629,79): error TS1005: ';' expected.
src/data/questions.ts(1630,13): error TS1005: ';' expected.
src/data/questions.ts(1631,12): error TS1005: ';' expected.
src/data/questions.ts(1632,18): error TS1005: ';' expected.
src/data/questions.ts(1633,10): error TS1005: ';' expected.
src/data/questions.ts(1634,3): error TS1109: Expression expected.
src/data/questions.ts(1634,4): error TS1128: Declaration or statement expected.
src/data/questions.ts(1636,30): error TS1005: ';' expected.
src/data/questions.ts(1636,61): error TS1005: ';' expected.
src/data/questions.ts(1636,79): error TS1005: ';' expected.
src/data/questions.ts(1637,13): error TS1005: ';' expected.
src/data/questions.ts(1638,12): error TS1005: ';' expected.
src/data/questions.ts(1639,18): error TS1005: ';' expected.
src/data/questions.ts(1640,10): error TS1005: ';' expected.
src/data/questions.ts(1641,3): error TS1109: Expression expected.
src/data/questions.ts(1641,4): error TS1128: Declaration or statement expected.
src/data/questions.ts(1643,30): error TS1005: ';' expected.
src/data/questions.ts(1643,61): error TS1005: ';' expected.
src/data/questions.ts(1643,79): error TS1005: ';' expected.
src/data/questions.ts(1644,13): error TS1005: ';' expected.
src/data/questions.ts(1645,12): error TS1005: ';' expected.
src/data/questions.ts(1646,18): error TS1005: ';' expected.
src/data/questions.ts(1647,10): error TS1005: ';' expected.
src/data/questions.ts(1648,3): error TS1109: Expression expected.
src/data/questions.ts(1648,4): error TS1128: Declaration or statement expected.
src/data/questions.ts(1650,30): error TS1005: ';' expected.
src/data/questions.ts(1650,61): error TS1005: ';' expected.
src/data/questions.ts(1650,79): error TS1005: ';' expected.
src/data/questions.ts(1651,13): error TS1005: ';' expected.
src/data/questions.ts(1652,12): error TS1005: ';' expected.
src/data/questions.ts(1653,18): error TS1005: ';' expected.
src/data/questions.ts(1654,10): error TS1005: ';' expected.
src/data/questions.ts(1655,3): error TS1109: Expression expected.
src/data/questions.ts(1655,4): error TS1128: Declaration or statement expected.
src/data/questions.ts(1657,30): error TS1005: ';' expected.
src/data/questions.ts(1657,61): error TS1005: ';' expected.
src/data/questions.ts(1657,79): error TS1005: ';' expected.
src/data/questions.ts(1658,13): error TS1005: ';' expected.
src/data/questions.ts(1659,12): error TS1005: ';' expected.
src/data/questions.ts(1660,18): error TS1005: ';' expected.
src/data/questions.ts(1661,10): error TS1005: ';' expected.
src/data/questions.ts(1662,3): error TS1109: Expression expected.
src/data/questions.ts(1662,4): error TS1128: Declaration or statement expected.
src/data/questions.ts(1664,30): error TS1005: ';' expected.
src/data/questions.ts(1664,61): error TS1005: ';' expected.
src/data/questions.ts(1664,79): error TS1005: ';' expected.
src/data/questions.ts(1665,13): error TS1005: ';' expected.
src/data/questions.ts(1666,12): error TS1005: ';' expected.
src/data/questions.ts(1667,18): error TS1005: ';' expected.
src/data/questions.ts(1668,10): error TS1005: ';' expected.
src/data/questions.ts(1669,3): error TS1109: Expression expected.
src/data/questions.ts(1669,4): error TS1128: Declaration or statement expected.
src/data/questions.ts(1671,30): error TS1005: ';' expected.
src/data/questions.ts(1671,61): error TS1005: ';' expected.
src/data/questions.ts(1671,79): error TS1005: ';' expected.
src/data/questions.ts(1672,13): error TS1005: ';' expected.
src/data/questions.ts(1673,12): error TS1005: ';' expected.
src/data/questions.ts(1674,18): error TS1005: ';' expected.
src/data/questions.ts(1675,10): error TS1005: ';' expected.
src/data/questions.ts(1676,3): error TS1109: Expression expected.
src/data/questions.ts(1676,4): error TS1128: Declaration or statement expected.
src/data/questions.ts(1678,30): error TS1005: ';' expected.
src/data/questions.ts(1678,61): error TS1005: ';' expected.
src/data/questions.ts(1678,77): error TS1005: ';' expected.
src/data/questions.ts(1679,13): error TS1005: ';' expected.
src/data/questions.ts(1680,12): error TS1005: ';' expected.
src/data/questions.ts(1681,18): error TS1005: ';' expected.
src/data/questions.ts(1682,10): error TS1005: ';' expected.
src/data/questions.ts(1683,3): error TS1109: Expression expected.
src/data/questions.ts(1683,4): error TS1128: Declaration or statement expected.
src/data/questions.ts(1685,30): error TS1005: ';' expected.
src/data/questions.ts(1685,61): error TS1005: ';' expected.
src/data/questions.ts(1685,77): error TS1005: ';' expected.
src/data/questions.ts(1686,13): error TS1005: ';' expected.
src/data/questions.ts(1687,12): error TS1005: ';' expected.
src/data/questions.ts(1688,18): error TS1005: ';' expected.
src/data/questions.ts(1689,10): error TS1005: ';' expected.
src/data/questions.ts(1690,3): error TS1109: Expression expected.
src/data/questions.ts(1690,4): error TS1128: Declaration or statement expected.
src/data/questions.ts(1692,30): error TS1005: ';' expected.
src/data/questions.ts(1692,61): error TS1005: ';' expected.
src/data/questions.ts(1692,77): error TS1005: ';' expected.
src/data/questions.ts(1693,13): error TS1005: ';' expected.
src/data/questions.ts(1694,12): error TS1005: ';' expected.
src/data/questions.ts(1695,18): error TS1005: ';' expected.
src/data/questions.ts(1696,10): error TS1005: ';' expected.
src/data/questions.ts(1697,3): error TS1109: Expression expected.
src/data/questions.ts(1697,4): error TS1128: Declaration or statement expected.
src/data/questions.ts(1699,30): error TS1005: ';' expected.
src/data/questions.ts(1699,61): error TS1005: ';' expected.
src/data/questions.ts(1699,77): error TS1005: ';' expected.
src/data/questions.ts(1700,13): error TS1005: ';' expected.
src/data/questions.ts(1701,12): error TS1005: ';' expected.
src/data/questions.ts(1702,18): error TS1005: ';' expected.
src/data/questions.ts(1703,10): error TS1005: ';' expected.
src/data/questions.ts(1704,3): error TS1109: Expression expected.
src/data/questions.ts(1704,4): error TS1128: Declaration or statement expected.
src/data/questions.ts(1706,30): error TS1005: ';' expected.
src/data/questions.ts(1706,61): error TS1005: ';' expected.
src/data/questions.ts(1706,77): error TS1005: ';' expected.
src/data/questions.ts(1707,13): error TS1005: ';' expected.
src/data/questions.ts(1708,12): error TS1005: ';' expected.
src/data/questions.ts(1709,18): error TS1005: ';' expected.
src/data/questions.ts(1710,10): error TS1005: ';' expected.
src/data/questions.ts(1711,3): error TS1109: Expression expected.
src/data/questions.ts(1711,4): error TS1128: Declaration or statement expected.
src/data/questions.ts(1713,30): error TS1005: ';' expected.
src/data/questions.ts(1713,61): error TS1005: ';' expected.
src/data/questions.ts(1713,77): error TS1005: ';' expected.
src/data/questions.ts(1714,13): error TS1005: ';' expected.
src/data/questions.ts(1715,12): error TS1005: ';' expected.
src/data/questions.ts(1716,18): error TS1005: ';' expected.
src/data/questions.ts(1717,10): error TS1005: ';' expected.
src/data/questions.ts(1718,3): error TS1109: Expression expected.
src/data/questions.ts(1718,4): error TS1128: Declaration or statement expected.
src/data/questions.ts(1720,30): error TS1005: ';' expected.
src/data/questions.ts(1720,61): error TS1005: ';' expected.
src/data/questions.ts(1720,77): error TS1005: ';' expected.
src/data/questions.ts(1721,13): error TS1005: ';' expected.
src/data/questions.ts(1722,12): error TS1005: ';' expected.
src/data/questions.ts(1723,18): error TS1005: ';' expected.
src/data/questions.ts(1724,10): error TS1005: ';' expected.
src/data/questions.ts(1725,3): error TS1109: Expression expected.
src/data/questions.ts(1725,4): error TS1128: Declaration or statement expected.
src/data/questions.ts(1727,30): error TS1005: ';' expected.
src/data/questions.ts(1727,61): error TS1005: ';' expected.
src/data/questions.ts(1727,77): error TS1005: ';' expected.
src/data/questions.ts(1728,13): error TS1005: ';' expected.
src/data/questions.ts(1729,12): error TS1005: ';' expected.
src/data/questions.ts(1730,18): error TS1005: ';' expected.
src/data/questions.ts(1731,10): error TS1005: ';' expected.
src/data/questions.ts(1732,3): error TS1109: Expression expected.
src/data/questions.ts(1732,4): error TS1128: Declaration or statement expected.
src/data/questions.ts(1734,30): error TS1005: ';' expected.
src/data/questions.ts(1734,61): error TS1005: ';' expected.
src/data/questions.ts(1734,77): error TS1005: ';' expected.
src/data/questions.ts(1735,13): error TS1005: ';' expected.
src/data/questions.ts(1736,12): error TS1005: ';' expected.
src/data/questions.ts(1737,18): error TS1005: ';' expected.
src/data/questions.ts(1738,10): error TS1005: ';' expected.
src/data/questions.ts(1739,3): error TS1109: Expression expected.
src/data/questions.ts(1739,4): error TS1128: Declaration or statement expected.
src/data/questions.ts(1741,30): error TS1005: ';' expected.
src/data/questions.ts(1741,61): error TS1005: ';' expected.
src/data/questions.ts(1741,77): error TS1005: ';' expected.
src/data/questions.ts(1742,13): error TS1005: ';' expected.
src/data/questions.ts(1743,12): error TS1005: ';' expected.
src/data/questions.ts(1744,18): error TS1005: ';' expected.
src/data/questions.ts(1745,3): error TS1109: Expression expected.
src/data/questions.ts(1745,4): error TS1128: Declaration or statement expected.
src/data/questions.ts(1748,29): error TS1005: ';' expected.
src/data/questions.ts(1748,69): error TS1005: ';' expected.
src/data/questions.ts(1748,85): error TS1005: ';' expected.
src/data/questions.ts(1749,13): error TS1005: ';' expected.
src/data/questions.ts(1750,12): error TS1005: ';' expected.
src/data/questions.ts(1751,18): error TS1005: ';' expected.
src/data/questions.ts(1752,10): error TS1005: ';' expected.
src/data/questions.ts(1753,3): error TS1109: Expression expected.
src/data/questions.ts(1753,4): error TS1128: Declaration or statement expected.
src/data/questions.ts(1755,29): error TS1005: ';' expected.
src/data/questions.ts(1755,69): error TS1005: ';' expected.
src/data/questions.ts(1755,85): error TS1005: ';' expected.
src/data/questions.ts(1756,13): error TS1005: ';' expected.
src/data/questions.ts(1757,12): error TS1005: ';' expected.
src/data/questions.ts(1758,18): error TS1005: ';' expected.
src/data/questions.ts(1759,10): error TS1005: ';' expected.
src/data/questions.ts(1760,3): error TS1109: Expression expected.
src/data/questions.ts(1760,4): error TS1128: Declaration or statement expected.
src/data/questions.ts(1762,29): error TS1005: ';' expected.
src/data/questions.ts(1762,69): error TS1005: ';' expected.
src/data/questions.ts(1762,85): error TS1005: ';' expected.
src/data/questions.ts(1763,13): error TS1005: ';' expected.
src/data/questions.ts(1764,12): error TS1005: ';' expected.
src/data/questions.ts(1765,18): error TS1005: ';' expected.
src/data/questions.ts(1766,10): error TS1005: ';' expected.
src/data/questions.ts(1767,3): error TS1109: Expression expected.
src/data/questions.ts(1767,4): error TS1128: Declaration or statement expected.
src/data/questions.ts(1769,29): error TS1005: ';' expected.
src/data/questions.ts(1769,69): error TS1005: ';' expected.
src/data/questions.ts(1769,85): error TS1005: ';' expected.
src/data/questions.ts(1770,13): error TS1005: ';' expected.
src/data/questions.ts(1771,12): error TS1005: ';' expected.
src/data/questions.ts(1772,18): error TS1005: ';' expected.
src/data/questions.ts(1773,10): error TS1005: ';' expected.
src/data/questions.ts(1774,3): error TS1109: Expression expected.
src/data/questions.ts(1774,4): error TS1128: Declaration or statement expected.
src/data/questions.ts(1776,29): error TS1005: ';' expected.
src/data/questions.ts(1776,69): error TS1005: ';' expected.
src/data/questions.ts(1776,85): error TS1005: ';' expected.
src/data/questions.ts(1777,13): error TS1005: ';' expected.
src/data/questions.ts(1778,12): error TS1005: ';' expected.
src/data/questions.ts(1779,18): error TS1005: ';' expected.
src/data/questions.ts(1780,10): error TS1005: ';' expected.
src/data/questions.ts(1781,3): error TS1109: Expression expected.
src/data/questions.ts(1781,4): error TS1128: Declaration or statement expected.
src/data/questions.ts(1783,29): error TS1005: ';' expected.
src/data/questions.ts(1783,69): error TS1005: ';' expected.
src/data/questions.ts(1783,85): error TS1005: ';' expected.
src/data/questions.ts(1784,13): error TS1005: ';' expected.
src/data/questions.ts(1785,12): error TS1005: ';' expected.
src/data/questions.ts(1786,18): error TS1005: ';' expected.
src/data/questions.ts(1787,10): error TS1005: ';' expected.
src/data/questions.ts(1788,3): error TS1109: Expression expected.
src/data/questions.ts(1788,4): error TS1128: Declaration or statement expected.
src/data/questions.ts(1790,29): error TS1005: ';' expected.
src/data/questions.ts(1790,69): error TS1005: ';' expected.
src/data/questions.ts(1790,85): error TS1005: ';' expected.
src/data/questions.ts(1791,13): error TS1005: ';' expected.
src/data/questions.ts(1792,12): error TS1005: ';' expected.
src/data/questions.ts(1793,18): error TS1005: ';' expected.
src/data/questions.ts(1794,10): error TS1005: ';' expected.
src/data/questions.ts(1795,3): error TS1109: Expression expected.
src/data/questions.ts(1795,4): error TS1128: Declaration or statement expected.
src/data/questions.ts(1797,29): error TS1005: ';' expected.
src/data/questions.ts(1797,69): error TS1005: ';' expected.
src/data/questions.ts(1797,85): error TS1005: ';' expected.
src/data/questions.ts(1798,13): error TS1005: ';' expected.
src/data/questions.ts(1799,12): error TS1005: ';' expected.
src/data/questions.ts(1800,18): error TS1005: ';' expected.
src/data/questions.ts(1801,10): error TS1005: ';' expected.
src/data/questions.ts(1802,3): error TS1109: Expression expected.
src/data/questions.ts(1802,4): error TS1128: Declaration or statement expected.
src/data/questions.ts(1804,29): error TS1005: ';' expected.
src/data/questions.ts(1804,69): error TS1005: ';' expected.
src/data/questions.ts(1804,85): error TS1005: ';' expected.
src/data/questions.ts(1805,13): error TS1005: ';' expected.
src/data/questions.ts(1806,12): error TS1005: ';' expected.
src/data/questions.ts(1807,18): error TS1005: ';' expected.
src/data/questions.ts(1808,10): error TS1005: ';' expected.
src/data/questions.ts(1809,3): error TS1109: Expression expected.
src/data/questions.ts(1809,4): error TS1128: Declaration or statement expected.
src/data/questions.ts(1811,30): error TS1005: ';' expected.
src/data/questions.ts(1811,70): error TS1005: ';' expected.
src/data/questions.ts(1811,86): error TS1005: ';' expected.
src/data/questions.ts(1812,13): error TS1005: ';' expected.
src/data/questions.ts(1813,12): error TS1005: ';' expected.
src/data/questions.ts(1814,18): error TS1005: ';' expected.
src/data/questions.ts(1815,10): error TS1005: ';' expected.
src/data/questions.ts(1816,3): error TS1109: Expression expected.
src/data/questions.ts(1816,4): error TS1128: Declaration or statement expected.
src/data/questions.ts(1818,30): error TS1005: ';' expected.
src/data/questions.ts(1818,70): error TS1005: ';' expected.
src/data/questions.ts(1818,88): error TS1005: ';' expected.
src/data/questions.ts(1819,13): error TS1005: ';' expected.
src/data/questions.ts(1820,12): error TS1005: ';' expected.
src/data/questions.ts(1821,18): error TS1005: ';' expected.
src/data/questions.ts(1822,10): error TS1005: ';' expected.
src/data/questions.ts(1823,3): error TS1109: Expression expected.
src/data/questions.ts(1823,4): error TS1128: Declaration or statement expected.
src/data/questions.ts(1825,30): error TS1005: ';' expected.
src/data/questions.ts(1825,70): error TS1005: ';' expected.
src/data/questions.ts(1825,88): error TS1005: ';' expected.
src/data/questions.ts(1826,13): error TS1005: ';' expected.
src/data/questions.ts(1827,12): error TS1005: ';' expected.
src/data/questions.ts(1828,18): error TS1005: ';' expected.
src/data/questions.ts(1829,10): error TS1005: ';' expected.
src/data/questions.ts(1830,3): error TS1109: Expression expected.
src/data/questions.ts(1830,4): error TS1128: Declaration or statement expected.
src/data/questions.ts(1832,30): error TS1005: ';' expected.
src/data/questions.ts(1832,70): error TS1005: ';' expected.
src/data/questions.ts(1832,88): error TS1005: ';' expected.
src/data/questions.ts(1833,13): error TS1005: ';' expected.
src/data/questions.ts(1834,12): error TS1005: ';' expected.
src/data/questions.ts(1835,18): error TS1005: ';' expected.
src/data/questions.ts(1836,10): error TS1005: ';' expected.
src/data/questions.ts(1837,3): error TS1109: Expression expected.
src/data/questions.ts(1837,4): error TS1128: Declaration or statement expected.
src/data/questions.ts(1839,30): error TS1005: ';' expected.
src/data/questions.ts(1839,70): error TS1005: ';' expected.
src/data/questions.ts(1839,88): error TS1005: ';' expected.
src/data/questions.ts(1840,13): error TS1005: ';' expected.
src/data/questions.ts(1841,12): error TS1005: ';' expected.
src/data/questions.ts(1842,18): error TS1005: ';' expected.
src/data/questions.ts(1843,10): error TS1005: ';' expected.
src/data/questions.ts(1844,3): error TS1109: Expression expected.
src/data/questions.ts(1844,4): error TS1128: Declaration or statement expected.
src/data/questions.ts(1846,30): error TS1005: ';' expected.
src/data/questions.ts(1846,70): error TS1005: ';' expected.
src/data/questions.ts(1846,88): error TS1005: ';' expected.
src/data/questions.ts(1847,13): error TS1005: ';' expected.
src/data/questions.ts(1848,12): error TS1005: ';' expected.
src/data/questions.ts(1849,18): error TS1005: ';' expected.
src/data/questions.ts(1850,10): error TS1005: ';' expected.
src/data/questions.ts(1851,3): error TS1109: Expression expected.
src/data/questions.ts(1851,4): error TS1128: Declaration or statement expected.
src/data/questions.ts(1853,30): error TS1005: ';' expected.
src/data/questions.ts(1853,70): error TS1005: ';' expected.
src/data/questions.ts(1853,88): error TS1005: ';' expected.
src/data/questions.ts(1854,13): error TS1005: ';' expected.
src/data/questions.ts(1855,12): error TS1005: ';' expected.
src/data/questions.ts(1856,18): error TS1005: ';' expected.
src/data/questions.ts(1857,10): error TS1005: ';' expected.
src/data/questions.ts(1858,3): error TS1109: Expression expected.
src/data/questions.ts(1858,4): error TS1128: Declaration or statement expected.
src/data/questions.ts(1860,30): error TS1005: ';' expected.
src/data/questions.ts(1860,70): error TS1005: ';' expected.
src/data/questions.ts(1860,88): error TS1005: ';' expected.
src/data/questions.ts(1861,13): error TS1005: ';' expected.
src/data/questions.ts(1862,12): error TS1005: ';' expected.
src/data/questions.ts(1863,18): error TS1005: ';' expected.
src/data/questions.ts(1864,10): error TS1005: ';' expected.
src/data/questions.ts(1865,3): error TS1109: Expression expected.
src/data/questions.ts(1865,4): error TS1128: Declaration or statement expected.
src/data/questions.ts(1867,30): error TS1005: ';' expected.
src/data/questions.ts(1867,70): error TS1005: ';' expected.
src/data/questions.ts(1867,88): error TS1005: ';' expected.
src/data/questions.ts(1868,13): error TS1005: ';' expected.
src/data/questions.ts(1869,12): error TS1005: ';' expected.
src/data/questions.ts(1870,18): error TS1005: ';' expected.
src/data/questions.ts(1871,10): error TS1005: ';' expected.
src/data/questions.ts(1872,3): error TS1109: Expression expected.
src/data/questions.ts(1872,4): error TS1128: Declaration or statement expected.
src/data/questions.ts(1874,30): error TS1005: ';' expected.
src/data/questions.ts(1874,70): error TS1005: ';' expected.
src/data/questions.ts(1874,88): error TS1005: ';' expected.
src/data/questions.ts(1875,13): error TS1005: ';' expected.
src/data/questions.ts(1876,12): error TS1005: ';' expected.
src/data/questions.ts(1877,18): error TS1005: ';' expected.
src/data/questions.ts(1878,10): error TS1005: ';' expected.
src/data/questions.ts(1879,3): error TS1109: Expression expected.
src/data/questions.ts(1879,4): error TS1128: Declaration or statement expected.
src/data/questions.ts(1881,30): error TS1005: ';' expected.
src/data/questions.ts(1881,70): error TS1005: ';' expected.
src/data/questions.ts(1881,88): error TS1005: ';' expected.
src/data/questions.ts(1882,13): error TS1005: ';' expected.
src/data/questions.ts(1883,12): error TS1005: ';' expected.
src/data/questions.ts(1884,18): error TS1005: ';' expected.
src/data/questions.ts(1885,10): error TS1005: ';' expected.
src/data/questions.ts(1886,3): error TS1109: Expression expected.
src/data/questions.ts(1886,4): error TS1128: Declaration or statement expected.
src/data/questions.ts(1888,30): error TS1005: ';' expected.
src/data/questions.ts(1888,70): error TS1005: ';' expected.
src/data/questions.ts(1888,86): error TS1005: ';' expected.
src/data/questions.ts(1889,13): error TS1005: ';' expected.
src/data/questions.ts(1890,12): error TS1005: ';' expected.
src/data/questions.ts(1891,18): error TS1005: ';' expected.
src/data/questions.ts(1892,10): error TS1005: ';' expected.
src/data/questions.ts(1893,3): error TS1109: Expression expected.
src/data/questions.ts(1893,4): error TS1128: Declaration or statement expected.
src/data/questions.ts(1895,30): error TS1005: ';' expected.
src/data/questions.ts(1895,70): error TS1005: ';' expected.
src/data/questions.ts(1895,86): error TS1005: ';' expected.
src/data/questions.ts(1896,13): error TS1005: ';' expected.
src/data/questions.ts(1897,12): error TS1005: ';' expected.
src/data/questions.ts(1898,18): error TS1005: ';' expected.
src/data/questions.ts(1899,10): error TS1005: ';' expected.
src/data/questions.ts(1900,3): error TS1109: Expression expected.
src/data/questions.ts(1900,4): error TS1128: Declaration or statement expected.
src/data/questions.ts(1902,30): error TS1005: ';' expected.
src/data/questions.ts(1902,70): error TS1005: ';' expected.
src/data/questions.ts(1902,86): error TS1005: ';' expected.
src/data/questions.ts(1903,13): error TS1005: ';' expected.
src/data/questions.ts(1904,12): error TS1005: ';' expected.
src/data/questions.ts(1905,18): error TS1005: ';' expected.
src/data/questions.ts(1906,10): error TS1005: ';' expected.
src/data/questions.ts(1907,3): error TS1109: Expression expected.
src/data/questions.ts(1907,4): error TS1128: Declaration or statement expected.
src/data/questions.ts(1909,30): error TS1005: ';' expected.
src/data/questions.ts(1909,70): error TS1005: ';' expected.
src/data/questions.ts(1909,86): error TS1005: ';' expected.
src/data/questions.ts(1910,13): error TS1005: ';' expected.
src/data/questions.ts(1911,12): error TS1005: ';' expected.
src/data/questions.ts(1912,18): error TS1005: ';' expected.
src/data/questions.ts(1913,10): error TS1005: ';' expected.
src/data/questions.ts(1914,3): error TS1109: Expression expected.
src/data/questions.ts(1914,4): error TS1128: Declaration or statement expected.
src/data/questions.ts(1916,30): error TS1005: ';' expected.
src/data/questions.ts(1916,70): error TS1005: ';' expected.
src/data/questions.ts(1916,86): error TS1005: ';' expected.
src/data/questions.ts(1917,13): error TS1005: ';' expected.
src/data/questions.ts(1918,12): error TS1005: ';' expected.
src/data/questions.ts(1919,18): error TS1005: ';' expected.
src/data/questions.ts(1920,10): error TS1005: ';' expected.
src/data/questions.ts(1921,3): error TS1109: Expression expected.
src/data/questions.ts(1921,4): error TS1128: Declaration or statement expected.
src/data/questions.ts(1923,30): error TS1005: ';' expected.
src/data/questions.ts(1923,70): error TS1005: ';' expected.
src/data/questions.ts(1923,86): error TS1005: ';' expected.
src/data/questions.ts(1924,13): error TS1005: ';' expected.
src/data/questions.ts(1925,12): error TS1005: ';' expected.
src/data/questions.ts(1926,18): error TS1005: ';' expected.
src/data/questions.ts(1927,10): error TS1005: ';' expected.
src/data/questions.ts(1928,3): error TS1109: Expression expected.
src/data/questions.ts(1928,4): error TS1128: Declaration or statement expected.
src/data/questions.ts(1930,30): error TS1005: ';' expected.
src/data/questions.ts(1930,70): error TS1005: ';' expected.
src/data/questions.ts(1930,86): error TS1005: ';' expected.
src/data/questions.ts(1931,13): error TS1005: ';' expected.
src/data/questions.ts(1932,12): error TS1005: ';' expected.
src/data/questions.ts(1933,18): error TS1005: ';' expected.
src/data/questions.ts(1934,10): error TS1005: ';' expected.
src/data/questions.ts(1935,3): error TS1109: Expression expected.
src/data/questions.ts(1935,4): error TS1128: Declaration or statement expected.
src/data/questions.ts(1937,30): error TS1005: ';' expected.
src/data/questions.ts(1937,70): error TS1005: ';' expected.
src/data/questions.ts(1937,86): error TS1005: ';' expected.
src/data/questions.ts(1938,13): error TS1005: ';' expected.
src/data/questions.ts(1939,12): error TS1005: ';' expected.
src/data/questions.ts(1940,18): error TS1005: ';' expected.
src/data/questions.ts(1941,10): error TS1005: ';' expected.
src/data/questions.ts(1942,3): error TS1109: Expression expected.
src/data/questions.ts(1942,4): error TS1128: Declaration or statement expected.
src/data/questions.ts(1944,30): error TS1005: ';' expected.
src/data/questions.ts(1944,70): error TS1005: ';' expected.
src/data/questions.ts(1944,86): error TS1005: ';' expected.
src/data/questions.ts(1945,13): error TS1005: ';' expected.
src/data/questions.ts(1946,12): error TS1005: ';' expected.
src/data/questions.ts(1947,18): error TS1005: ';' expected.
src/data/questions.ts(1948,10): error TS1005: ';' expected.
src/data/questions.ts(1949,3): error TS1109: Expression expected.
src/data/questions.ts(1949,4): error TS1128: Declaration or statement expected.
src/data/questions.ts(1951,30): error TS1005: ';' expected.
src/data/questions.ts(1951,70): error TS1005: ';' expected.
src/data/questions.ts(1951,86): error TS1005: ';' expected.
src/data/questions.ts(1952,13): error TS1005: ';' expected.
src/data/questions.ts(1953,12): error TS1005: ';' expected.
src/data/questions.ts(1954,18): error TS1005: ';' expected.
src/data/questions.ts(1955,3): error TS1109: Expression expected.
src/data/questions.ts(1955,4): error TS1128: Declaration or statement expected.
src/data/questions.ts(1958,29): error TS1005: ';' expected.
src/data/questions.ts(1958,66): error TS1005: ';' expected.
src/data/questions.ts(1958,82): error TS1005: ';' expected.
src/data/questions.ts(1959,13): error TS1005: ';' expected.
src/data/questions.ts(1960,12): error TS1005: ';' expected.
src/data/questions.ts(1961,18): error TS1005: ';' expected.
src/data/questions.ts(1962,10): error TS1005: ';' expected.
src/data/questions.ts(1963,3): error TS1109: Expression expected.
src/data/questions.ts(1963,4): error TS1128: Declaration or statement expected.
src/data/questions.ts(1965,29): error TS1005: ';' expected.
src/data/questions.ts(1965,66): error TS1005: ';' expected.
src/data/questions.ts(1965,82): error TS1005: ';' expected.
src/data/questions.ts(1966,13): error TS1005: ';' expected.
src/data/questions.ts(1967,12): error TS1005: ';' expected.
src/data/questions.ts(1968,18): error TS1005: ';' expected.
src/data/questions.ts(1969,10): error TS1005: ';' expected.
src/data/questions.ts(1970,3): error TS1109: Expression expected.
src/data/questions.ts(1970,4): error TS1128: Declaration or statement expected.
src/data/questions.ts(1972,29): error TS1005: ';' expected.
src/data/questions.ts(1972,66): error TS1005: ';' expected.
src/data/questions.ts(1972,82): error TS1005: ';' expected.
src/data/questions.ts(1973,13): error TS1005: ';' expected.
src/data/questions.ts(1974,12): error TS1005: ';' expected.
src/data/questions.ts(1975,18): error TS1005: ';' expected.
src/data/questions.ts(1976,10): error TS1005: ';' expected.
src/data/questions.ts(1977,3): error TS1109: Expression expected.
src/data/questions.ts(1977,4): error TS1128: Declaration or statement expected.
src/data/questions.ts(1979,29): error TS1005: ';' expected.
src/data/questions.ts(1979,66): error TS1005: ';' expected.
src/data/questions.ts(1979,82): error TS1005: ';' expected.
src/data/questions.ts(1980,13): error TS1005: ';' expected.
src/data/questions.ts(1981,12): error TS1005: ';' expected.
src/data/questions.ts(1982,18): error TS1005: ';' expected.
src/data/questions.ts(1983,10): error TS1005: ';' expected.
src/data/questions.ts(1984,3): error TS1109: Expression expected.
src/data/questions.ts(1984,4): error TS1128: Declaration or statement expected.
src/data/questions.ts(1986,29): error TS1005: ';' expected.
src/data/questions.ts(1986,66): error TS1005: ';' expected.
src/data/questions.ts(1986,82): error TS1005: ';' expected.
src/data/questions.ts(1987,13): error TS1005: ';' expected.
src/data/questions.ts(1988,12): error TS1005: ';' expected.
src/data/questions.ts(1989,18): error TS1005: ';' expected.
src/data/questions.ts(1990,10): error TS1005: ';' expected.
src/data/questions.ts(1991,3): error TS1109: Expression expected.
src/data/questions.ts(1991,4): error TS1128: Declaration or statement expected.
src/data/questions.ts(1993,29): error TS1005: ';' expected.
src/data/questions.ts(1993,66): error TS1005: ';' expected.
src/data/questions.ts(1993,82): error TS1005: ';' expected.
src/data/questions.ts(1994,13): error TS1005: ';' expected.
src/data/questions.ts(1995,12): error TS1005: ';' expected.
src/data/questions.ts(1996,18): error TS1005: ';' expected.
src/data/questions.ts(1997,10): error TS1005: ';' expected.
src/data/questions.ts(1998,3): error TS1109: Expression expected.
src/data/questions.ts(1998,4): error TS1128: Declaration or statement expected.
src/data/questions.ts(2000,29): error TS1005: ';' expected.
src/data/questions.ts(2000,66): error TS1005: ';' expected.
src/data/questions.ts(2000,82): error TS1005: ';' expected.
src/data/questions.ts(2001,13): error TS1005: ';' expected.
src/data/questions.ts(2002,12): error TS1005: ';' expected.
src/data/questions.ts(2003,18): error TS1005: ';' expected.
src/data/questions.ts(2004,10): error TS1005: ';' expected.
src/data/questions.ts(2005,3): error TS1109: Expression expected.
src/data/questions.ts(2005,4): error TS1128: Declaration or statement expected.
src/data/questions.ts(2007,29): error TS1005: ';' expected.
src/data/questions.ts(2007,66): error TS1005: ';' expected.
src/data/questions.ts(2007,82): error TS1005: ';' expected.
src/data/questions.ts(2008,13): error TS1005: ';' expected.
src/data/questions.ts(2009,12): error TS1005: ';' expected.
src/data/questions.ts(2010,18): error TS1005: ';' expected.
src/data/questions.ts(2011,10): error TS1005: ';' expected.
src/data/questions.ts(2012,3): error TS1109: Expression expected.
src/data/questions.ts(2012,4): error TS1128: Declaration or statement expected.
src/data/questions.ts(2014,29): error TS1005: ';' expected.
src/data/questions.ts(2014,66): error TS1005: ';' expected.
src/data/questions.ts(2014,82): error TS1005: ';' expected.
src/data/questions.ts(2015,13): error TS1005: ';' expected.
src/data/questions.ts(2016,12): error TS1005: ';' expected.
src/data/questions.ts(2017,18): error TS1005: ';' expected.
src/data/questions.ts(2018,10): error TS1005: ';' expected.
src/data/questions.ts(2019,3): error TS1109: Expression expected.
src/data/questions.ts(2019,4): error TS1128: Declaration or statement expected.
src/data/questions.ts(2021,30): error TS1005: ';' expected.
src/data/questions.ts(2021,67): error TS1005: ';' expected.
src/data/questions.ts(2021,83): error TS1005: ';' expected.
src/data/questions.ts(2022,13): error TS1005: ';' expected.
src/data/questions.ts(2023,12): error TS1005: ';' expected.
src/data/questions.ts(2024,18): error TS1005: ';' expected.
src/data/questions.ts(2025,10): error TS1005: ';' expected.
src/data/questions.ts(2026,3): error TS1109: Expression expected.
src/data/questions.ts(2026,4): error TS1128: Declaration or statement expected.
src/data/questions.ts(2028,30): error TS1005: ';' expected.
src/data/questions.ts(2028,67): error TS1005: ';' expected.
src/data/questions.ts(2028,85): error TS1005: ';' expected.
src/data/questions.ts(2029,13): error TS1005: ';' expected.
src/data/questions.ts(2030,12): error TS1005: ';' expected.
src/data/questions.ts(2031,18): error TS1005: ';' expected.
src/data/questions.ts(2032,10): error TS1005: ';' expected.
src/data/questions.ts(2033,3): error TS1109: Expression expected.
src/data/questions.ts(2033,4): error TS1128: Declaration or statement expected.
src/data/questions.ts(2035,30): error TS1005: ';' expected.
src/data/questions.ts(2035,67): error TS1005: ';' expected.
src/data/questions.ts(2035,85): error TS1005: ';' expected.
src/data/questions.ts(2036,13): error TS1005: ';' expected.
src/data/questions.ts(2037,12): error TS1005: ';' expected.
src/data/questions.ts(2038,18): error TS1005: ';' expected.
src/data/questions.ts(2039,10): error TS1005: ';' expected.
src/data/questions.ts(2040,3): error TS1109: Expression expected.
src/data/questions.ts(2040,4): error TS1128: Declaration or statement expected.
src/data/questions.ts(2042,30): error TS1005: ';' expected.
src/data/questions.ts(2042,67): error TS1005: ';' expected.
src/data/questions.ts(2042,85): error TS1005: ';' expected.
src/data/questions.ts(2043,13): error TS1005: ';' expected.
src/data/questions.ts(2044,12): error TS1005: ';' expected.
src/data/questions.ts(2045,18): error TS1005: ';' expected.
src/data/questions.ts(2046,10): error TS1005: ';' expected.
src/data/questions.ts(2047,3): error TS1109: Expression expected.
src/data/questions.ts(2047,4): error TS1128: Declaration or statement expected.
src/data/questions.ts(2049,30): error TS1005: ';' expected.
src/data/questions.ts(2049,67): error TS1005: ';' expected.
src/data/questions.ts(2049,85): error TS1005: ';' expected.
src/data/questions.ts(2050,13): error TS1005: ';' expected.
src/data/questions.ts(2051,12): error TS1005: ';' expected.
src/data/questions.ts(2052,18): error TS1005: ';' expected.
src/data/questions.ts(2053,10): error TS1005: ';' expected.
src/data/questions.ts(2054,3): error TS1109: Expression expected.
src/data/questions.ts(2054,4): error TS1128: Declaration or statement expected.
src/data/questions.ts(2056,30): error TS1005: ';' expected.
src/data/questions.ts(2056,67): error TS1005: ';' expected.
src/data/questions.ts(2056,85): error TS1005: ';' expected.
src/data/questions.ts(2057,13): error TS1005: ';' expected.
src/data/questions.ts(2058,12): error TS1005: ';' expected.
src/data/questions.ts(2059,18): error TS1005: ';' expected.
src/data/questions.ts(2060,10): error TS1005: ';' expected.
src/data/questions.ts(2061,3): error TS1109: Expression expected.
src/data/questions.ts(2061,4): error TS1128: Declaration or statement expected.
src/data/questions.ts(2063,30): error TS1005: ';' expected.
src/data/questions.ts(2063,67): error TS1005: ';' expected.
src/data/questions.ts(2063,85): error TS1005: ';' expected.
src/data/questions.ts(2064,13): error TS1005: ';' expected.
src/data/questions.ts(2065,12): error TS1005: ';' expected.
src/data/questions.ts(2066,18): error TS1005: ';' expected.
src/data/questions.ts(2067,10): error TS1005: ';' expected.
src/data/questions.ts(2068,3): error TS1109: Expression expected.
src/data/questions.ts(2068,4): error TS1128: Declaration or statement expected.
src/data/questions.ts(2070,30): error TS1005: ';' expected.
src/data/questions.ts(2070,67): error TS1005: ';' expected.
src/data/questions.ts(2070,85): error TS1005: ';' expected.
src/data/questions.ts(2071,13): error TS1005: ';' expected.
src/data/questions.ts(2072,12): error TS1005: ';' expected.
src/data/questions.ts(2073,18): error TS1005: ';' expected.
src/data/questions.ts(2074,10): error TS1005: ';' expected.
src/data/questions.ts(2075,3): error TS1109: Expression expected.
src/data/questions.ts(2075,4): error TS1128: Declaration or statement expected.
src/data/questions.ts(2077,30): error TS1005: ';' expected.
src/data/questions.ts(2077,67): error TS1005: ';' expected.
src/data/questions.ts(2077,85): error TS1005: ';' expected.
src/data/questions.ts(2078,13): error TS1005: ';' expected.
src/data/questions.ts(2079,12): error TS1005: ';' expected.
src/data/questions.ts(2080,18): error TS1005: ';' expected.
src/data/questions.ts(2081,10): error TS1005: ';' expected.
src/data/questions.ts(2082,3): error TS1109: Expression expected.
src/data/questions.ts(2082,4): error TS1128: Declaration or statement expected.
src/data/questions.ts(2084,30): error TS1005: ';' expected.
src/data/questions.ts(2084,67): error TS1005: ';' expected.
src/data/questions.ts(2084,85): error TS1005: ';' expected.
src/data/questions.ts(2085,13): error TS1005: ';' expected.
src/data/questions.ts(2086,12): error TS1005: ';' expected.
src/data/questions.ts(2087,18): error TS1005: ';' expected.
src/data/questions.ts(2088,10): error TS1005: ';' expected.
src/data/questions.ts(2089,3): error TS1109: Expression expected.
src/data/questions.ts(2089,4): error TS1128: Declaration or statement expected.
src/data/questions.ts(2091,30): error TS1005: ';' expected.
src/data/questions.ts(2091,67): error TS1005: ';' expected.
src/data/questions.ts(2091,85): error TS1005: ';' expected.
src/data/questions.ts(2092,13): error TS1005: ';' expected.
src/data/questions.ts(2093,12): error TS1005: ';' expected.
src/data/questions.ts(2094,18): error TS1005: ';' expected.
src/data/questions.ts(2095,10): error TS1005: ';' expected.
src/data/questions.ts(2096,3): error TS1109: Expression expected.
src/data/questions.ts(2096,4): error TS1128: Declaration or statement expected.
src/data/questions.ts(2098,30): error TS1005: ';' expected.
src/data/questions.ts(2098,67): error TS1005: ';' expected.
src/data/questions.ts(2098,83): error TS1005: ';' expected.
src/data/questions.ts(2099,13): error TS1005: ';' expected.
src/data/questions.ts(2100,12): error TS1005: ';' expected.
src/data/questions.ts(2101,18): error TS1005: ';' expected.
src/data/questions.ts(2102,10): error TS1005: ';' expected.
src/data/questions.ts(2103,3): error TS1109: Expression expected.
src/data/questions.ts(2103,4): error TS1128: Declaration or statement expected.
src/data/questions.ts(2105,30): error TS1005: ';' expected.
src/data/questions.ts(2105,67): error TS1005: ';' expected.
src/data/questions.ts(2105,83): error TS1005: ';' expected.
src/data/questions.ts(2106,13): error TS1005: ';' expected.
src/data/questions.ts(2107,12): error TS1005: ';' expected.
src/data/questions.ts(2108,18): error TS1005: ';' expected.
src/data/questions.ts(2109,10): error TS1005: ';' expected.
src/data/questions.ts(2110,3): error TS1109: Expression expected.
src/data/questions.ts(2110,4): error TS1128: Declaration or statement expected.
src/data/questions.ts(2112,30): error TS1005: ';' expected.
src/data/questions.ts(2112,67): error TS1005: ';' expected.
src/data/questions.ts(2112,83): error TS1005: ';' expected.
src/data/questions.ts(2113,13): error TS1005: ';' expected.
src/data/questions.ts(2114,12): error TS1005: ';' expected.
src/data/questions.ts(2115,18): error TS1005: ';' expected.
src/data/questions.ts(2116,10): error TS1005: ';' expected.
src/data/questions.ts(2117,3): error TS1109: Expression expected.
src/data/questions.ts(2117,4): error TS1128: Declaration or statement expected.
src/data/questions.ts(2119,30): error TS1005: ';' expected.
src/data/questions.ts(2119,67): error TS1005: ';' expected.
src/data/questions.ts(2119,83): error TS1005: ';' expected.
src/data/questions.ts(2120,13): error TS1005: ';' expected.
src/data/questions.ts(2121,12): error TS1005: ';' expected.
src/data/questions.ts(2122,18): error TS1005: ';' expected.
src/data/questions.ts(2123,10): error TS1005: ';' expected.
src/data/questions.ts(2124,3): error TS1109: Expression expected.
src/data/questions.ts(2124,4): error TS1128: Declaration or statement expected.
src/data/questions.ts(2126,30): error TS1005: ';' expected.
src/data/questions.ts(2126,67): error TS1005: ';' expected.
src/data/questions.ts(2126,83): error TS1005: ';' expected.
src/data/questions.ts(2127,13): error TS1005: ';' expected.
src/data/questions.ts(2128,12): error TS1005: ';' expected.
src/data/questions.ts(2129,18): error TS1005: ';' expected.
src/data/questions.ts(2130,10): error TS1005: ';' expected.
src/data/questions.ts(2131,3): error TS1109: Expression expected.
src/data/questions.ts(2131,4): error TS1128: Declaration or statement expected.
src/data/questions.ts(2133,30): error TS1005: ';' expected.
src/data/questions.ts(2133,67): error TS1005: ';' expected.
src/data/questions.ts(2133,83): error TS1005: ';' expected.
src/data/questions.ts(2134,13): error TS1005: ';' expected.
src/data/questions.ts(2135,12): error TS1005: ';' expected.
src/data/questions.ts(2136,18): error TS1005: ';' expected.
src/data/questions.ts(2137,10): error TS1005: ';' expected.
src/data/questions.ts(2138,3): error TS1109: Expression expected.
src/data/questions.ts(2138,4): error TS1128: Declaration or statement expected.
src/data/questions.ts(2140,30): error TS1005: ';' expected.
src/data/questions.ts(2140,67): error TS1005: ';' expected.
src/data/questions.ts(2140,83): error TS1005: ';' expected.
src/data/questions.ts(2141,13): error TS1005: ';' expected.
src/data/questions.ts(2142,12): error TS1005: ';' expected.
src/data/questions.ts(2143,18): error TS1005: ';' expected.
src/data/questions.ts(2144,10): error TS1005: ';' expected.
src/data/questions.ts(2145,3): error TS1109: Expression expected.
src/data/questions.ts(2145,4): error TS1128: Declaration or statement expected.
src/data/questions.ts(2147,30): error TS1005: ';' expected.
src/data/questions.ts(2147,67): error TS1005: ';' expected.
src/data/questions.ts(2147,83): error TS1005: ';' expected.
src/data/questions.ts(2148,13): error TS1005: ';' expected.
src/data/questions.ts(2149,12): error TS1005: ';' expected.
src/data/questions.ts(2150,18): error TS1005: ';' expected.
src/data/questions.ts(2151,10): error TS1005: ';' expected.
src/data/questions.ts(2152,3): error TS1109: Expression expected.
src/data/questions.ts(2152,4): error TS1128: Declaration or statement expected.
src/data/questions.ts(2154,30): error TS1005: ';' expected.
src/data/questions.ts(2154,67): error TS1005: ';' expected.
src/data/questions.ts(2154,83): error TS1005: ';' expected.
src/data/questions.ts(2155,13): error TS1005: ';' expected.
src/data/questions.ts(2156,12): error TS1005: ';' expected.
src/data/questions.ts(2157,18): error TS1005: ';' expected.
src/data/questions.ts(2158,10): error TS1005: ';' expected.
src/data/questions.ts(2159,3): error TS1109: Expression expected.
src/data/questions.ts(2159,4): error TS1128: Declaration or statement expected.
src/data/questions.ts(2161,30): error TS1005: ';' expected.
src/data/questions.ts(2161,67): error TS1005: ';' expected.
src/data/questions.ts(2161,83): error TS1005: ';' expected.
src/data/questions.ts(2162,13): error TS1005: ';' expected.
src/data/questions.ts(2163,12): error TS1005: ';' expected.
src/data/questions.ts(2164,18): error TS1005: ';' expected.
src/data/questions.ts(2165,3): error TS1109: Expression expected.
src/data/questions.ts(2165,4): error TS1128: Declaration or statement expected.
src/data/questions.ts(2168,29): error TS1005: ';' expected.
src/data/questions.ts(2168,61): error TS1005: ';' expected.
src/data/questions.ts(2168,77): error TS1005: ';' expected.
src/data/questions.ts(2169,13): error TS1005: ';' expected.
src/data/questions.ts(2170,12): error TS1005: ';' expected.
src/data/questions.ts(2171,18): error TS1005: ';' expected.
src/data/questions.ts(2172,10): error TS1005: ';' expected.
src/data/questions.ts(2173,3): error TS1109: Expression expected.
src/data/questions.ts(2173,4): error TS1128: Declaration or statement expected.
src/data/questions.ts(2175,29): error TS1005: ';' expected.
src/data/questions.ts(2175,61): error TS1005: ';' expected.
src/data/questions.ts(2175,77): error TS1005: ';' expected.
src/data/questions.ts(2176,13): error TS1005: ';' expected.
src/data/questions.ts(2177,12): error TS1005: ';' expected.
src/data/questions.ts(2178,18): error TS1005: ';' expected.
src/data/questions.ts(2179,10): error TS1005: ';' expected.
src/data/questions.ts(2180,3): error TS1109: Expression expected.
src/data/questions.ts(2180,4): error TS1128: Declaration or statement expected.
src/data/questions.ts(2182,29): error TS1005: ';' expected.
src/data/questions.ts(2182,61): error TS1005: ';' expected.
src/data/questions.ts(2182,77): error TS1005: ';' expected.
src/data/questions.ts(2183,13): error TS1005: ';' expected.
src/data/questions.ts(2184,12): error TS1005: ';' expected.
src/data/questions.ts(2185,18): error TS1005: ';' expected.
src/data/questions.ts(2186,10): error TS1005: ';' expected.
src/data/questions.ts(2187,3): error TS1109: Expression expected.
src/data/questions.ts(2187,4): error TS1128: Declaration or statement expected.
src/data/questions.ts(2189,29): error TS1005: ';' expected.
src/data/questions.ts(2189,61): error TS1005: ';' expected.
src/data/questions.ts(2189,77): error TS1005: ';' expected.
src/data/questions.ts(2190,13): error TS1005: ';' expected.
src/data/questions.ts(2191,12): error TS1005: ';' expected.
src/data/questions.ts(2192,18): error TS1005: ';' expected.
src/data/questions.ts(2193,10): error TS1005: ';' expected.
src/data/questions.ts(2194,3): error TS1109: Expression expected.
src/data/questions.ts(2194,4): error TS1128: Declaration or statement expected.
src/data/questions.ts(2196,29): error TS1005: ';' expected.
src/data/questions.ts(2196,61): error TS1005: ';' expected.
src/data/questions.ts(2196,77): error TS1005: ';' expected.
src/data/questions.ts(2197,13): error TS1005: ';' expected.
src/data/questions.ts(2198,12): error TS1005: ';' expected.
src/data/questions.ts(2199,18): error TS1005: ';' expected.
src/data/questions.ts(2200,10): error TS1005: ';' expected.
src/data/questions.ts(2201,3): error TS1109: Expression expected.
src/data/questions.ts(2201,4): error TS1128: Declaration or statement expected.
src/data/questions.ts(2203,29): error TS1005: ';' expected.
src/data/questions.ts(2203,61): error TS1005: ';' expected.
src/data/questions.ts(2203,77): error TS1005: ';' expected.
src/data/questions.ts(2204,13): error TS1005: ';' expected.
src/data/questions.ts(2205,12): error TS1005: ';' expected.
src/data/questions.ts(2206,18): error TS1005: ';' expected.
src/data/questions.ts(2207,10): error TS1005: ';' expected.
src/data/questions.ts(2208,3): error TS1109: Expression expected.
src/data/questions.ts(2208,4): error TS1128: Declaration or statement expected.
src/data/questions.ts(2210,29): error TS1005: ';' expected.
src/data/questions.ts(2210,61): error TS1005: ';' expected.
src/data/questions.ts(2210,77): error TS1005: ';' expected.
src/data/questions.ts(2211,13): error TS1005: ';' expected.
src/data/questions.ts(2212,12): error TS1005: ';' expected.
src/data/questions.ts(2213,18): error TS1005: ';' expected.
src/data/questions.ts(2214,10): error TS1005: ';' expected.
src/data/questions.ts(2215,3): error TS1109: Expression expected.
src/data/questions.ts(2215,4): error TS1128: Declaration or statement expected.
src/data/questions.ts(2217,29): error TS1005: ';' expected.
src/data/questions.ts(2217,61): error TS1005: ';' expected.
src/data/questions.ts(2217,77): error TS1005: ';' expected.
src/data/questions.ts(2218,13): error TS1005: ';' expected.
src/data/questions.ts(2219,12): error TS1005: ';' expected.
src/data/questions.ts(2220,18): error TS1005: ';' expected.
src/data/questions.ts(2221,10): error TS1005: ';' expected.
src/data/questions.ts(2222,3): error TS1109: Expression expected.
src/data/questions.ts(2222,4): error TS1128: Declaration or statement expected.
src/data/questions.ts(2224,29): error TS1005: ';' expected.
src/data/questions.ts(2224,61): error TS1005: ';' expected.
src/data/questions.ts(2224,77): error TS1005: ';' expected.
src/data/questions.ts(2225,13): error TS1005: ';' expected.
src/data/questions.ts(2226,12): error TS1005: ';' expected.
src/data/questions.ts(2227,18): error TS1005: ';' expected.
src/data/questions.ts(2228,10): error TS1005: ';' expected.
src/data/questions.ts(2229,3): error TS1109: Expression expected.
src/data/questions.ts(2229,4): error TS1128: Declaration or statement expected.
src/data/questions.ts(2231,30): error TS1005: ';' expected.
src/data/questions.ts(2231,62): error TS1005: ';' expected.
src/data/questions.ts(2231,78): error TS1005: ';' expected.
src/data/questions.ts(2232,13): error TS1005: ';' expected.
src/data/questions.ts(2233,12): error TS1005: ';' expected.
src/data/questions.ts(2234,18): error TS1005: ';' expected.
src/data/questions.ts(2235,10): error TS1005: ';' expected.
src/data/questions.ts(2236,3): error TS1109: Expression expected.
src/data/questions.ts(2236,4): error TS1128: Declaration or statement expected.
src/data/questions.ts(2238,30): error TS1005: ';' expected.
src/data/questions.ts(2238,62): error TS1005: ';' expected.
src/data/questions.ts(2238,80): error TS1005: ';' expected.
src/data/questions.ts(2239,13): error TS1005: ';' expected.
src/data/questions.ts(2240,12): error TS1005: ';' expected.
src/data/questions.ts(2241,18): error TS1005: ';' expected.
src/data/questions.ts(2242,10): error TS1005: ';' expected.
src/data/questions.ts(2243,3): error TS1109: Expression expected.
src/data/questions.ts(2243,4): error TS1128: Declaration or statement expected.
src/data/questions.ts(2245,30): error TS1005: ';' expected.
src/data/questions.ts(2245,62): error TS1005: ';' expected.
src/data/questions.ts(2245,80): error TS1005: ';' expected.
src/data/questions.ts(2246,13): error TS1005: ';' expected.
src/data/questions.ts(2247,12): error TS1005: ';' expected.
src/data/questions.ts(2248,18): error TS1005: ';' expected.
src/data/questions.ts(2249,10): error TS1005: ';' expected.
src/data/questions.ts(2250,3): error TS1109: Expression expected.
src/data/questions.ts(2250,4): error TS1128: Declaration or statement expected.
src/data/questions.ts(2252,30): error TS1005: ';' expected.
src/data/questions.ts(2252,62): error TS1005: ';' expected.
src/data/questions.ts(2252,80): error TS1005: ';' expected.
src/data/questions.ts(2253,13): error TS1005: ';' expected.
src/data/questions.ts(2254,12): error TS1005: ';' expected.
src/data/questions.ts(2255,18): error TS1005: ';' expected.
src/data/questions.ts(2256,10): error TS1005: ';' expected.
src/data/questions.ts(2257,3): error TS1109: Expression expected.
src/data/questions.ts(2257,4): error TS1128: Declaration or statement expected.
src/data/questions.ts(2259,30): error TS1005: ';' expected.
src/data/questions.ts(2259,62): error TS1005: ';' expected.
src/data/questions.ts(2259,80): error TS1005: ';' expected.
src/data/questions.ts(2260,13): error TS1005: ';' expected.
src/data/questions.ts(2261,12): error TS1005: ';' expected.
src/data/questions.ts(2262,18): error TS1005: ';' expected.
src/data/questions.ts(2263,10): error TS1005: ';' expected.
src/data/questions.ts(2264,3): error TS1109: Expression expected.
src/data/questions.ts(2264,4): error TS1128: Declaration or statement expected.
src/data/questions.ts(2266,30): error TS1005: ';' expected.
src/data/questions.ts(2266,62): error TS1005: ';' expected.
src/data/questions.ts(2266,80): error TS1005: ';' expected.
src/data/questions.ts(2267,13): error TS1005: ';' expected.
src/data/questions.ts(2268,12): error TS1005: ';' expected.
src/data/questions.ts(2269,18): error TS1005: ';' expected.
src/data/questions.ts(2270,10): error TS1005: ';' expected.
src/data/questions.ts(2271,3): error TS1109: Expression expected.
src/data/questions.ts(2271,4): error TS1128: Declaration or statement expected.
src/data/questions.ts(2273,30): error TS1005: ';' expected.
src/data/questions.ts(2273,62): error TS1005: ';' expected.
src/data/questions.ts(2273,80): error TS1005: ';' expected.
src/data/questions.ts(2274,13): error TS1005: ';' expected.
src/data/questions.ts(2275,12): error TS1005: ';' expected.
src/data/questions.ts(2276,18): error TS1005: ';' expected.
src/data/questions.ts(2277,10): error TS1005: ';' expected.
src/data/questions.ts(2278,3): error TS1109: Expression expected.
src/data/questions.ts(2278,4): error TS1128: Declaration or statement expected.
src/data/questions.ts(2280,30): error TS1005: ';' expected.
src/data/questions.ts(2280,62): error TS1005: ';' expected.
src/data/questions.ts(2280,80): error TS1005: ';' expected.
src/data/questions.ts(2281,13): error TS1005: ';' expected.
src/data/questions.ts(2282,12): error TS1005: ';' expected.
src/data/questions.ts(2283,18): error TS1005: ';' expected.
src/data/questions.ts(2284,10): error TS1005: ';' expected.
src/data/questions.ts(2285,3): error TS1109: Expression expected.
src/data/questions.ts(2285,4): error TS1128: Declaration or statement expected.
src/data/questions.ts(2287,30): error TS1005: ';' expected.
src/data/questions.ts(2287,62): error TS1005: ';' expected.
src/data/questions.ts(2287,80): error TS1005: ';' expected.
src/data/questions.ts(2288,13): error TS1005: ';' expected.
src/data/questions.ts(2289,12): error TS1005: ';' expected.
src/data/questions.ts(2290,18): error TS1005: ';' expected.
src/data/questions.ts(2291,10): error TS1005: ';' expected.
src/data/questions.ts(2292,3): error TS1109: Expression expected.
src/data/questions.ts(2292,4): error TS1128: Declaration or statement expected.
src/data/questions.ts(2294,30): error TS1005: ';' expected.
src/data/questions.ts(2294,62): error TS1005: ';' expected.
src/data/questions.ts(2294,80): error TS1005: ';' expected.
src/data/questions.ts(2295,13): error TS1005: ';' expected.
src/data/questions.ts(2296,12): error TS1005: ';' expected.
src/data/questions.ts(2297,18): error TS1005: ';' expected.
src/data/questions.ts(2298,10): error TS1005: ';' expected.
src/data/questions.ts(2299,3): error TS1109: Expression expected.
src/data/questions.ts(2299,4): error TS1128: Declaration or statement expected.
src/data/questions.ts(2301,30): error TS1005: ';' expected.
src/data/questions.ts(2301,62): error TS1005: ';' expected.
src/data/questions.ts(2301,80): error TS1005: ';' expected.
src/data/questions.ts(2302,13): error TS1005: ';' expected.
src/data/questions.ts(2303,12): error TS1005: ';' expected.
src/data/questions.ts(2304,18): error TS1005: ';' expected.
src/data/questions.ts(2305,10): error TS1005: ';' expected.
src/data/questions.ts(2306,3): error TS1109: Expression expected.
src/data/questions.ts(2306,4): error TS1128: Declaration or statement expected.
src/data/questions.ts(2308,30): error TS1005: ';' expected.
src/data/questions.ts(2308,62): error TS1005: ';' expected.
src/data/questions.ts(2308,78): error TS1005: ';' expected.
src/data/questions.ts(2309,13): error TS1005: ';' expected.
src/data/questions.ts(2310,12): error TS1005: ';' expected.
src/data/questions.ts(2311,18): error TS1005: ';' expected.
src/data/questions.ts(2312,10): error TS1005: ';' expected.
src/data/questions.ts(2313,3): error TS1109: Expression expected.
src/data/questions.ts(2313,4): error TS1128: Declaration or statement expected.
src/data/questions.ts(2315,30): error TS1005: ';' expected.
src/data/questions.ts(2315,62): error TS1005: ';' expected.
src/data/questions.ts(2315,78): error TS1005: ';' expected.
src/data/questions.ts(2316,13): error TS1005: ';' expected.
src/data/questions.ts(2317,12): error TS1005: ';' expected.
src/data/questions.ts(2318,18): error TS1005: ';' expected.
src/data/questions.ts(2319,10): error TS1005: ';' expected.
src/data/questions.ts(2320,3): error TS1109: Expression expected.
src/data/questions.ts(2320,4): error TS1128: Declaration or statement expected.
src/data/questions.ts(2322,30): error TS1005: ';' expected.
src/data/questions.ts(2322,62): error TS1005: ';' expected.
src/data/questions.ts(2322,78): error TS1005: ';' expected.
src/data/questions.ts(2323,13): error TS1005: ';' expected.
src/data/questions.ts(2324,12): error TS1005: ';' expected.
src/data/questions.ts(2325,18): error TS1005: ';' expected.
src/data/questions.ts(2326,10): error TS1005: ';' expected.
src/data/questions.ts(2327,3): error TS1109: Expression expected.
src/data/questions.ts(2327,4): error TS1128: Declaration or statement expected.
src/data/questions.ts(2329,30): error TS1005: ';' expected.
src/data/questions.ts(2329,62): error TS1005: ';' expected.
src/data/questions.ts(2329,78): error TS1005: ';' expected.
src/data/questions.ts(2330,13): error TS1005: ';' expected.
src/data/questions.ts(2331,12): error TS1005: ';' expected.
src/data/questions.ts(2332,18): error TS1005: ';' expected.
src/data/questions.ts(2333,10): error TS1005: ';' expected.
src/data/questions.ts(2334,3): error TS1109: Expression expected.
src/data/questions.ts(2334,4): error TS1128: Declaration or statement expected.
src/data/questions.ts(2336,30): error TS1005: ';' expected.
src/data/questions.ts(2336,62): error TS1005: ';' expected.
src/data/questions.ts(2336,78): error TS1005: ';' expected.
src/data/questions.ts(2337,13): error TS1005: ';' expected.
src/data/questions.ts(2338,12): error TS1005: ';' expected.
src/data/questions.ts(2339,18): error TS1005: ';' expected.
src/data/questions.ts(2340,10): error TS1005: ';' expected.
src/data/questions.ts(2341,3): error TS1109: Expression expected.
src/data/questions.ts(2341,4): error TS1128: Declaration or statement expected.
src/data/questions.ts(2343,30): error TS1005: ';' expected.
src/data/questions.ts(2343,62): error TS1005: ';' expected.
src/data/questions.ts(2343,78): error TS1005: ';' expected.
src/data/questions.ts(2344,13): error TS1005: ';' expected.
src/data/questions.ts(2345,12): error TS1005: ';' expected.
src/data/questions.ts(2346,18): error TS1005: ';' expected.
src/data/questions.ts(2347,10): error TS1005: ';' expected.
src/data/questions.ts(2348,3): error TS1109: Expression expected.
src/data/questions.ts(2348,4): error TS1128: Declaration or statement expected.
src/data/questions.ts(2350,30): error TS1005: ';' expected.
src/data/questions.ts(2350,62): error TS1005: ';' expected.
src/data/questions.ts(2350,78): error TS1005: ';' expected.
src/data/questions.ts(2351,13): error TS1005: ';' expected.
src/data/questions.ts(2352,12): error TS1005: ';' expected.
src/data/questions.ts(2353,18): error TS1005: ';' expected.
src/data/questions.ts(2354,10): error TS1005: ';' expected.
src/data/questions.ts(2355,3): error TS1109: Expression expected.
src/data/questions.ts(2355,4): error TS1128: Declaration or statement expected.
src/data/questions.ts(2357,30): error TS1005: ';' expected.
src/data/questions.ts(2357,62): error TS1005: ';' expected.
src/data/questions.ts(2357,78): error TS1005: ';' expected.
src/data/questions.ts(2358,13): error TS1005: ';' expected.
src/data/questions.ts(2359,12): error TS1005: ';' expected.
src/data/questions.ts(2360,18): error TS1005: ';' expected.
src/data/questions.ts(2361,10): error TS1005: ';' expected.
src/data/questions.ts(2362,3): error TS1109: Expression expected.
src/data/questions.ts(2362,4): error TS1128: Declaration or statement expected.
src/data/questions.ts(2364,30): error TS1005: ';' expected.
src/data/questions.ts(2364,62): error TS1005: ';' expected.
src/data/questions.ts(2364,78): error TS1005: ';' expected.
src/data/questions.ts(2365,13): error TS1005: ';' expected.
src/data/questions.ts(2366,12): error TS1005: ';' expected.
src/data/questions.ts(2367,18): error TS1005: ';' expected.
src/data/questions.ts(2368,10): error TS1005: ';' expected.
src/data/questions.ts(2369,3): error TS1109: Expression expected.
src/data/questions.ts(2369,4): error TS1128: Declaration or statement expected.
src/data/questions.ts(2371,30): error TS1005: ';' expected.
src/data/questions.ts(2371,62): error TS1005: ';' expected.
src/data/questions.ts(2371,78): error TS1005: ';' expected.
src/data/questions.ts(2372,13): error TS1005: ';' expected.
src/data/questions.ts(2373,12): error TS1005: ';' expected.
src/data/questions.ts(2374,18): error TS1005: ';' expected.
src/data/questions.ts(2375,3): error TS1109: Expression expected.
src/data/questions.ts(2375,4): error TS1128: Declaration or statement expected.
src/data/questions.ts(2378,29): error TS1005: ';' expected.
src/data/questions.ts(2378,55): error TS1005: ';' expected.
src/data/questions.ts(2378,71): error TS1005: ';' expected.
src/data/questions.ts(2379,13): error TS1005: ';' expected.
src/data/questions.ts(2380,12): error TS1005: ';' expected.
src/data/questions.ts(2381,18): error TS1005: ';' expected.
src/data/questions.ts(2382,10): error TS1005: ';' expected.
src/data/questions.ts(2383,3): error TS1109: Expression expected.
src/data/questions.ts(2383,4): error TS1128: Declaration or statement expected.
src/data/questions.ts(2385,29): error TS1005: ';' expected.
src/data/questions.ts(2385,55): error TS1005: ';' expected.
src/data/questions.ts(2385,71): error TS1005: ';' expected.
src/data/questions.ts(2386,13): error TS1005: ';' expected.
src/data/questions.ts(2387,12): error TS1005: ';' expected.
src/data/questions.ts(2388,18): error TS1005: ';' expected.
src/data/questions.ts(2389,10): error TS1005: ';' expected.
src/data/questions.ts(2390,3): error TS1109: Expression expected.
src/data/questions.ts(2390,4): error TS1128: Declaration or statement expected.
src/data/questions.ts(2392,29): error TS1005: ';' expected.
src/data/questions.ts(2392,55): error TS1005: ';' expected.
src/data/questions.ts(2392,71): error TS1005: ';' expected.
src/data/questions.ts(2393,13): error TS1005: ';' expected.
src/data/questions.ts(2394,12): error TS1005: ';' expected.
src/data/questions.ts(2395,18): error TS1005: ';' expected.
src/data/questions.ts(2396,10): error TS1005: ';' expected.
src/data/questions.ts(2397,3): error TS1109: Expression expected.
src/data/questions.ts(2397,4): error TS1128: Declaration or statement expected.
src/data/questions.ts(2399,29): error TS1005: ';' expected.
src/data/questions.ts(2399,55): error TS1005: ';' expected.
src/data/questions.ts(2399,71): error TS1005: ';' expected.
src/data/questions.ts(2400,13): error TS1005: ';' expected.
src/data/questions.ts(2401,12): error TS1005: ';' expected.
src/data/questions.ts(2402,18): error TS1005: ';' expected.
src/data/questions.ts(2403,10): error TS1005: ';' expected.
src/data/questions.ts(2404,3): error TS1109: Expression expected.
src/data/questions.ts(2404,4): error TS1128: Declaration or statement expected.
src/data/questions.ts(2406,29): error TS1005: ';' expected.
src/data/questions.ts(2406,55): error TS1005: ';' expected.
src/data/questions.ts(2406,71): error TS1005: ';' expected.
src/data/questions.ts(2407,13): error TS1005: ';' expected.
src/data/questions.ts(2408,12): error TS1005: ';' expected.
src/data/questions.ts(2409,18): error TS1005: ';' expected.
src/data/questions.ts(2410,10): error TS1005: ';' expected.
src/data/questions.ts(2411,3): error TS1109: Expression expected.
src/data/questions.ts(2411,4): error TS1128: Declaration or statement expected.
src/data/questions.ts(2413,29): error TS1005: ';' expected.
src/data/questions.ts(2413,55): error TS1005: ';' expected.
src/data/questions.ts(2413,71): error TS1005: ';' expected.
src/data/questions.ts(2414,13): error TS1005: ';' expected.
src/data/questions.ts(2415,12): error TS1005: ';' expected.
src/data/questions.ts(2416,18): error TS1005: ';' expected.
src/data/questions.ts(2417,10): error TS1005: ';' expected.
src/data/questions.ts(2418,3): error TS1109: Expression expected.
src/data/questions.ts(2418,4): error TS1128: Declaration or statement expected.
src/data/questions.ts(2420,29): error TS1005: ';' expected.
src/data/questions.ts(2420,55): error TS1005: ';' expected.
src/data/questions.ts(2420,71): error TS1005: ';' expected.
src/data/questions.ts(2421,13): error TS1005: ';' expected.
src/data/questions.ts(2422,12): error TS1005: ';' expected.
src/data/questions.ts(2423,18): error TS1005: ';' expected.
src/data/questions.ts(2424,10): error TS1005: ';' expected.
src/data/questions.ts(2425,3): error TS1109: Expression expected.
src/data/questions.ts(2425,4): error TS1128: Declaration or statement expected.
src/data/questions.ts(2427,29): error TS1005: ';' expected.
src/data/questions.ts(2427,55): error TS1005: ';' expected.
src/data/questions.ts(2427,71): error TS1005: ';' expected.
src/data/questions.ts(2428,13): error TS1005: ';' expected.
src/data/questions.ts(2429,12): error TS1005: ';' expected.
src/data/questions.ts(2430,18): error TS1005: ';' expected.
src/data/questions.ts(2431,10): error TS1005: ';' expected.
src/data/questions.ts(2432,3): error TS1109: Expression expected.
src/data/questions.ts(2432,4): error TS1128: Declaration or statement expected.
src/data/questions.ts(2434,29): error TS1005: ';' expected.
src/data/questions.ts(2434,55): error TS1005: ';' expected.
src/data/questions.ts(2434,71): error TS1005: ';' expected.
src/data/questions.ts(2435,13): error TS1005: ';' expected.
src/data/questions.ts(2436,12): error TS1005: ';' expected.
src/data/questions.ts(2437,18): error TS1005: ';' expected.
src/data/questions.ts(2438,10): error TS1005: ';' expected.
src/data/questions.ts(2439,3): error TS1109: Expression expected.
src/data/questions.ts(2439,4): error TS1128: Declaration or statement expected.
src/data/questions.ts(2441,30): error TS1005: ';' expected.
src/data/questions.ts(2441,56): error TS1005: ';' expected.
src/data/questions.ts(2441,72): error TS1005: ';' expected.
src/data/questions.ts(2442,13): error TS1005: ';' expected.
src/data/questions.ts(2443,12): error TS1005: ';' expected.
src/data/questions.ts(2444,18): error TS1005: ';' expected.
src/data/questions.ts(2445,10): error TS1005: ';' expected.
src/data/questions.ts(2446,3): error TS1109: Expression expected.
src/data/questions.ts(2446,4): error TS1128: Declaration or statement expected.
src/data/questions.ts(2448,30): error TS1005: ';' expected.
src/data/questions.ts(2448,56): error TS1005: ';' expected.
src/data/questions.ts(2448,74): error TS1005: ';' expected.
src/data/questions.ts(2449,13): error TS1005: ';' expected.
src/data/questions.ts(2450,12): error TS1005: ';' expected.
src/data/questions.ts(2451,18): error TS1005: ';' expected.
src/data/questions.ts(2452,10): error TS1005: ';' expected.
src/data/questions.ts(2453,3): error TS1109: Expression expected.
src/data/questions.ts(2453,4): error TS1128: Declaration or statement expected.
src/data/questions.ts(2455,30): error TS1005: ';' expected.
src/data/questions.ts(2455,56): error TS1005: ';' expected.
src/data/questions.ts(2455,74): error TS1005: ';' expected.
src/data/questions.ts(2456,13): error TS1005: ';' expected.
src/data/questions.ts(2457,12): error TS1005: ';' expected.
src/data/questions.ts(2458,18): error TS1005: ';' expected.
src/data/questions.ts(2459,10): error TS1005: ';' expected.
src/data/questions.ts(2460,3): error TS1109: Expression expected.
src/data/questions.ts(2460,4): error TS1128: Declaration or statement expected.
src/data/questions.ts(2462,30): error TS1005: ';' expected.
src/data/questions.ts(2462,56): error TS1005: ';' expected.
src/data/questions.ts(2462,74): error TS1005: ';' expected.
src/data/questions.ts(2463,13): error TS1005: ';' expected.
src/data/questions.ts(2464,12): error TS1005: ';' expected.
src/data/questions.ts(2465,18): error TS1005: ';' expected.
src/data/questions.ts(2466,10): error TS1005: ';' expected.
src/data/questions.ts(2467,3): error TS1109: Expression expected.
src/data/questions.ts(2467,4): error TS1128: Declaration or statement expected.
src/data/questions.ts(2469,30): error TS1005: ';' expected.
src/data/questions.ts(2469,56): error TS1005: ';' expected.
src/data/questions.ts(2469,74): error TS1005: ';' expected.
src/data/questions.ts(2470,13): error TS1005: ';' expected.
src/data/questions.ts(2471,12): error TS1005: ';' expected.
src/data/questions.ts(2472,18): error TS1005: ';' expected.
src/data/questions.ts(2473,10): error TS1005: ';' expected.
src/data/questions.ts(2474,3): error TS1109: Expression expected.
src/data/questions.ts(2474,4): error TS1128: Declaration or statement expected.
src/data/questions.ts(2476,30): error TS1005: ';' expected.
src/data/questions.ts(2476,56): error TS1005: ';' expected.
src/data/questions.ts(2476,74): error TS1005: ';' expected.
src/data/questions.ts(2477,13): error TS1005: ';' expected.
src/data/questions.ts(2478,12): error TS1005: ';' expected.
src/data/questions.ts(2479,18): error TS1005: ';' expected.
src/data/questions.ts(2480,10): error TS1005: ';' expected.
src/data/questions.ts(2481,3): error TS1109: Expression expected.
src/data/questions.ts(2481,4): error TS1128: Declaration or statement expected.
src/data/questions.ts(2483,30): error TS1005: ';' expected.
src/data/questions.ts(2483,56): error TS1005: ';' expected.
src/data/questions.ts(2483,74): error TS1005: ';' expected.
src/data/questions.ts(2484,13): error TS1005: ';' expected.
src/data/questions.ts(2485,12): error TS1005: ';' expected.
src/data/questions.ts(2486,18): error TS1005: ';' expected.
src/data/questions.ts(2487,10): error TS1005: ';' expected.
src/data/questions.ts(2488,3): error TS1109: Expression expected.
src/data/questions.ts(2488,4): error TS1128: Declaration or statement expected.
src/data/questions.ts(2490,30): error TS1005: ';' expected.
src/data/questions.ts(2490,56): error TS1005: ';' expected.
src/data/questions.ts(2490,74): error TS1005: ';' expected.
src/data/questions.ts(2491,13): error TS1005: ';' expected.
src/data/questions.ts(2492,12): error TS1005: ';' expected.
src/data/questions.ts(2493,18): error TS1005: ';' expected.
src/data/questions.ts(2494,10): error TS1005: ';' expected.
src/data/questions.ts(2495,3): error TS1109: Expression expected.
src/data/questions.ts(2495,4): error TS1128: Declaration or statement expected.
src/data/questions.ts(2497,30): error TS1005: ';' expected.
src/data/questions.ts(2497,56): error TS1005: ';' expected.
src/data/questions.ts(2497,74): error TS1005: ';' expected.
src/data/questions.ts(2498,13): error TS1005: ';' expected.
src/data/questions.ts(2499,12): error TS1005: ';' expected.
src/data/questions.ts(2500,18): error TS1005: ';' expected.
src/data/questions.ts(2501,10): error TS1005: ';' expected.
src/data/questions.ts(2502,3): error TS1109: Expression expected.
src/data/questions.ts(2502,4): error TS1128: Declaration or statement expected.
src/data/questions.ts(2504,30): error TS1005: ';' expected.
src/data/questions.ts(2504,56): error TS1005: ';' expected.
src/data/questions.ts(2504,74): error TS1005: ';' expected.
src/data/questions.ts(2505,13): error TS1005: ';' expected.
src/data/questions.ts(2506,12): error TS1005: ';' expected.
src/data/questions.ts(2507,18): error TS1005: ';' expected.
src/data/questions.ts(2508,10): error TS1005: ';' expected.
src/data/questions.ts(2509,3): error TS1109: Expression expected.
src/data/questions.ts(2509,4): error TS1128: Declaration or statement expected.
src/data/questions.ts(2511,30): error TS1005: ';' expected.
src/data/questions.ts(2511,56): error TS1005: ';' expected.
src/data/questions.ts(2511,74): error TS1005: ';' expected.
src/data/questions.ts(2512,13): error TS1005: ';' expected.
src/data/questions.ts(2513,12): error TS1005: ';' expected.
src/data/questions.ts(2514,18): error TS1005: ';' expected.
src/data/questions.ts(2515,10): error TS1005: ';' expected.
src/data/questions.ts(2516,3): error TS1109: Expression expected.
src/data/questions.ts(2516,4): error TS1128: Declaration or statement expected.
src/data/questions.ts(2518,30): error TS1005: ';' expected.
src/data/questions.ts(2518,56): error TS1005: ';' expected.
src/data/questions.ts(2518,72): error TS1005: ';' expected.
src/data/questions.ts(2519,13): error TS1005: ';' expected.
src/data/questions.ts(2520,12): error TS1005: ';' expected.
src/data/questions.ts(2521,18): error TS1005: ';' expected.
src/data/questions.ts(2522,10): error TS1005: ';' expected.
src/data/questions.ts(2523,3): error TS1109: Expression expected.
src/data/questions.ts(2523,4): error TS1128: Declaration or statement expected.
src/data/questions.ts(2525,30): error TS1005: ';' expected.
src/data/questions.ts(2525,56): error TS1005: ';' expected.
src/data/questions.ts(2525,72): error TS1005: ';' expected.
src/data/questions.ts(2526,13): error TS1005: ';' expected.
src/data/questions.ts(2527,12): error TS1005: ';' expected.
src/data/questions.ts(2528,18): error TS1005: ';' expected.
src/data/questions.ts(2529,10): error TS1005: ';' expected.
src/data/questions.ts(2530,3): error TS1109: Expression expected.
src/data/questions.ts(2530,4): error TS1128: Declaration or statement expected.
src/data/questions.ts(2532,30): error TS1005: ';' expected.
src/data/questions.ts(2532,56): error TS1005: ';' expected.
src/data/questions.ts(2532,72): error TS1005: ';' expected.
src/data/questions.ts(2533,13): error TS1005: ';' expected.
src/data/questions.ts(2534,12): error TS1005: ';' expected.
src/data/questions.ts(2535,18): error TS1005: ';' expected.
src/data/questions.ts(2536,10): error TS1005: ';' expected.
src/data/questions.ts(2537,3): error TS1109: Expression expected.
src/data/questions.ts(2537,4): error TS1128: Declaration or statement expected.
src/data/questions.ts(2539,30): error TS1005: ';' expected.
src/data/questions.ts(2539,56): error TS1005: ';' expected.
src/data/questions.ts(2539,72): error TS1005: ';' expected.
src/data/questions.ts(2540,13): error TS1005: ';' expected.
src/data/questions.ts(2541,12): error TS1005: ';' expected.
src/data/questions.ts(2542,18): error TS1005: ';' expected.
src/data/questions.ts(2543,10): error TS1005: ';' expected.
src/data/questions.ts(2544,3): error TS1109: Expression expected.
src/data/questions.ts(2544,4): error TS1128: Declaration or statement expected.
src/data/questions.ts(2546,30): error TS1005: ';' expected.
src/data/questions.ts(2546,56): error TS1005: ';' expected.
src/data/questions.ts(2546,72): error TS1005: ';' expected.
src/data/questions.ts(2547,13): error TS1005: ';' expected.
src/data/questions.ts(2548,12): error TS1005: ';' expected.
src/data/questions.ts(2549,18): error TS1005: ';' expected.
src/data/questions.ts(2550,10): error TS1005: ';' expected.
src/data/questions.ts(2551,3): error TS1109: Expression expected.
src/data/questions.ts(2551,4): error TS1128: Declaration or statement expected.
src/data/questions.ts(2553,30): error TS1005: ';' expected.
src/data/questions.ts(2553,56): error TS1005: ';' expected.
src/data/questions.ts(2553,72): error TS1005: ';' expected.
src/data/questions.ts(2554,13): error TS1005: ';' expected.
src/data/questions.ts(2555,12): error TS1005: ';' expected.
src/data/questions.ts(2556,18): error TS1005: ';' expected.
src/data/questions.ts(2557,10): error TS1005: ';' expected.
src/data/questions.ts(2558,3): error TS1109: Expression expected.
src/data/questions.ts(2558,4): error TS1128: Declaration or statement expected.
src/data/questions.ts(2560,30): error TS1005: ';' expected.
src/data/questions.ts(2560,56): error TS1005: ';' expected.
src/data/questions.ts(2560,72): error TS1005: ';' expected.
src/data/questions.ts(2561,13): error TS1005: ';' expected.
src/data/questions.ts(2562,12): error TS1005: ';' expected.
src/data/questions.ts(2563,18): error TS1005: ';' expected.
src/data/questions.ts(2564,10): error TS1005: ';' expected.
src/data/questions.ts(2565,3): error TS1109: Expression expected.
src/data/questions.ts(2565,4): error TS1128: Declaration or statement expected.
src/data/questions.ts(2567,30): error TS1005: ';' expected.
src/data/questions.ts(2567,56): error TS1005: ';' expected.
src/data/questions.ts(2567,72): error TS1005: ';' expected.
src/data/questions.ts(2568,13): error TS1005: ';' expected.
src/data/questions.ts(2569,12): error TS1005: ';' expected.
src/data/questions.ts(2570,18): error TS1005: ';' expected.
src/data/questions.ts(2571,10): error TS1005: ';' expected.
src/data/questions.ts(2572,3): error TS1109: Expression expected.
src/data/questions.ts(2572,4): error TS1128: Declaration or statement expected.
src/data/questions.ts(2574,30): error TS1005: ';' expected.
src/data/questions.ts(2574,56): error TS1005: ';' expected.
src/data/questions.ts(2574,72): error TS1005: ';' expected.
src/data/questions.ts(2575,13): error TS1005: ';' expected.
src/data/questions.ts(2576,12): error TS1005: ';' expected.
src/data/questions.ts(2577,18): error TS1005: ';' expected.
src/data/questions.ts(2578,10): error TS1005: ';' expected.
src/data/questions.ts(2579,3): error TS1109: Expression expected.
src/data/questions.ts(2579,4): error TS1128: Declaration or statement expected.
src/data/questions.ts(2581,30): error TS1005: ';' expected.
src/data/questions.ts(2581,56): error TS1005: ';' expected.
src/data/questions.ts(2581,72): error TS1005: ';' expected.
src/data/questions.ts(2582,13): error TS1005: ';' expected.
src/data/questions.ts(2583,12): error TS1005: ';' expected.
src/data/questions.ts(2584,18): error TS1005: ';' expected.
src/data/questions.ts(2585,3): error TS1109: Expression expected.
src/data/questions.ts(2585,4): error TS1128: Declaration or statement expected.
src/data/questions.ts(2588,29): error TS1005: ';' expected.
src/data/questions.ts(2588,59): error TS1005: ';' expected.
src/data/questions.ts(2588,75): error TS1005: ';' expected.
src/data/questions.ts(2589,13): error TS1005: ';' expected.
src/data/questions.ts(2590,12): error TS1005: ';' expected.
src/data/questions.ts(2591,18): error TS1005: ';' expected.
src/data/questions.ts(2592,10): error TS1005: ';' expected.
src/data/questions.ts(2593,3): error TS1109: Expression expected.
src/data/questions.ts(2593,4): error TS1128: Declaration or statement expected.
src/data/questions.ts(2595,29): error TS1005: ';' expected.
src/data/questions.ts(2595,59): error TS1005: ';' expected.
src/data/questions.ts(2595,75): error TS1005: ';' expected.
src/data/questions.ts(2596,13): error TS1005: ';' expected.
src/data/questions.ts(2597,12): error TS1005: ';' expected.
src/data/questions.ts(2598,18): error TS1005: ';' expected.
src/data/questions.ts(2599,10): error TS1005: ';' expected.
src/data/questions.ts(2600,3): error TS1109: Expression expected.
src/data/questions.ts(2600,4): error TS1128: Declaration or statement expected.
src/data/questions.ts(2602,29): error TS1005: ';' expected.
src/data/questions.ts(2602,59): error TS1005: ';' expected.
src/data/questions.ts(2602,75): error TS1005: ';' expected.
src/data/questions.ts(2603,13): error TS1005: ';' expected.
src/data/questions.ts(2604,12): error TS1005: ';' expected.
src/data/questions.ts(2605,18): error TS1005: ';' expected.
src/data/questions.ts(2606,10): error TS1005: ';' expected.
src/data/questions.ts(2607,3): error TS1109: Expression expected.
src/data/questions.ts(2607,4): error TS1128: Declaration or statement expected.
src/data/questions.ts(2609,29): error TS1005: ';' expected.
src/data/questions.ts(2609,59): error TS1005: ';' expected.
src/data/questions.ts(2609,75): error TS1005: ';' expected.
src/data/questions.ts(2610,13): error TS1005: ';' expected.
src/data/questions.ts(2611,12): error TS1005: ';' expected.
src/data/questions.ts(2612,18): error TS1005: ';' expected.
src/data/questions.ts(2613,10): error TS1005: ';' expected.
src/data/questions.ts(2614,3): error TS1109: Expression expected.
src/data/questions.ts(2614,4): error TS1128: Declaration or statement expected.
src/data/questions.ts(2616,29): error TS1005: ';' expected.
src/data/questions.ts(2616,59): error TS1005: ';' expected.
src/data/questions.ts(2616,75): error TS1005: ';' expected.
src/data/questions.ts(2617,13): error TS1005: ';' expected.
src/data/questions.ts(2618,12): error TS1005: ';' expected.
src/data/questions.ts(2619,18): error TS1005: ';' expected.
src/data/questions.ts(2620,10): error TS1005: ';' expected.
src/data/questions.ts(2621,3): error TS1109: Expression expected.
src/data/questions.ts(2621,4): error TS1128: Declaration or statement expected.
src/data/questions.ts(2623,29): error TS1005: ';' expected.
src/data/questions.ts(2623,59): error TS1005: ';' expected.
src/data/questions.ts(2623,75): error TS1005: ';' expected.
src/data/questions.ts(2624,13): error TS1005: ';' expected.
src/data/questions.ts(2625,12): error TS1005: ';' expected.
src/data/questions.ts(2626,18): error TS1005: ';' expected.
src/data/questions.ts(2627,10): error TS1005: ';' expected.
src/data/questions.ts(2628,3): error TS1109: Expression expected.
src/data/questions.ts(2628,4): error TS1128: Declaration or statement expected.
src/data/questions.ts(2630,29): error TS1005: ';' expected.
src/data/questions.ts(2630,59): error TS1005: ';' expected.
src/data/questions.ts(2630,75): error TS1005: ';' expected.
src/data/questions.ts(2631,13): error TS1005: ';' expected.
src/data/questions.ts(2632,12): error TS1005: ';' expected.
src/data/questions.ts(2633,18): error TS1005: ';' expected.
src/data/questions.ts(2634,10): error TS1005: ';' expected.
src/data/questions.ts(2635,3): error TS1109: Expression expected.
src/data/questions.ts(2635,4): error TS1128: Declaration or statement expected.
src/data/questions.ts(2637,29): error TS1005: ';' expected.
src/data/questions.ts(2637,59): error TS1005: ';' expected.
src/data/questions.ts(2637,75): error TS1005: ';' expected.
src/data/questions.ts(2638,13): error TS1005: ';' expected.
src/data/questions.ts(2639,12): error TS1005: ';' expected.
src/data/questions.ts(2640,18): error TS1005: ';' expected.
src/data/questions.ts(2641,10): error TS1005: ';' expected.
src/data/questions.ts(2642,3): error TS1109: Expression expected.
src/data/questions.ts(2642,4): error TS1128: Declaration or statement expected.
src/data/questions.ts(2644,29): error TS1005: ';' expected.
src/data/questions.ts(2644,59): error TS1005: ';' expected.
src/data/questions.ts(2644,75): error TS1005: ';' expected.
src/data/questions.ts(2645,13): error TS1005: ';' expected.
src/data/questions.ts(2646,12): error TS1005: ';' expected.
src/data/questions.ts(2647,18): error TS1005: ';' expected.
src/data/questions.ts(2648,10): error TS1005: ';' expected.
src/data/questions.ts(2649,3): error TS1109: Expression expected.
src/data/questions.ts(2649,4): error TS1128: Declaration or statement expected.
src/data/questions.ts(2651,30): error TS1005: ';' expected.
src/data/questions.ts(2651,60): error TS1005: ';' expected.
src/data/questions.ts(2651,76): error TS1005: ';' expected.
src/data/questions.ts(2652,13): error TS1005: ';' expected.
src/data/questions.ts(2653,12): error TS1005: ';' expected.
src/data/questions.ts(2654,18): error TS1005: ';' expected.
src/data/questions.ts(2655,10): error TS1005: ';' expected.
src/data/questions.ts(2656,3): error TS1109: Expression expected.
src/data/questions.ts(2656,4): error TS1128: Declaration or statement expected.
src/data/questions.ts(2658,30): error TS1005: ';' expected.
src/data/questions.ts(2658,60): error TS1005: ';' expected.
src/data/questions.ts(2658,78): error TS1005: ';' expected.
src/data/questions.ts(2659,13): error TS1005: ';' expected.
src/data/questions.ts(2660,12): error TS1005: ';' expected.
src/data/questions.ts(2661,18): error TS1005: ';' expected.
src/data/questions.ts(2662,10): error TS1005: ';' expected.
src/data/questions.ts(2663,3): error TS1109: Expression expected.
src/data/questions.ts(2663,4): error TS1128: Declaration or statement expected.
src/data/questions.ts(2665,30): error TS1005: ';' expected.
src/data/questions.ts(2665,60): error TS1005: ';' expected.
src/data/questions.ts(2665,78): error TS1005: ';' expected.
src/data/questions.ts(2666,13): error TS1005: ';' expected.
src/data/questions.ts(2667,12): error TS1005: ';' expected.
src/data/questions.ts(2668,18): error TS1005: ';' expected.
src/data/questions.ts(2669,10): error TS1005: ';' expected.
src/data/questions.ts(2670,3): error TS1109: Expression expected.
src/data/questions.ts(2670,4): error TS1128: Declaration or statement expected.
src/data/questions.ts(2672,30): error TS1005: ';' expected.
src/data/questions.ts(2672,60): error TS1005: ';' expected.
src/data/questions.ts(2672,78): error TS1005: ';' expected.
src/data/questions.ts(2673,13): error TS1005: ';' expected.
src/data/questions.ts(2674,12): error TS1005: ';' expected.
src/data/questions.ts(2675,18): error TS1005: ';' expected.
src/data/questions.ts(2676,10): error TS1005: ';' expected.
src/data/questions.ts(2677,3): error TS1109: Expression expected.
src/data/questions.ts(2677,4): error TS1128: Declaration or statement expected.
src/data/questions.ts(2679,30): error TS1005: ';' expected.
src/data/questions.ts(2679,60): error TS1005: ';' expected.
src/data/questions.ts(2679,78): error TS1005: ';' expected.
src/data/questions.ts(2680,13): error TS1005: ';' expected.
src/data/questions.ts(2681,12): error TS1005: ';' expected.
src/data/questions.ts(2682,18): error TS1005: ';' expected.
src/data/questions.ts(2683,10): error TS1005: ';' expected.
src/data/questions.ts(2684,3): error TS1109: Expression expected.
src/data/questions.ts(2684,4): error TS1128: Declaration or statement expected.
src/data/questions.ts(2686,30): error TS1005: ';' expected.
src/data/questions.ts(2686,60): error TS1005: ';' expected.
src/data/questions.ts(2686,78): error TS1005: ';' expected.
src/data/questions.ts(2687,13): error TS1005: ';' expected.
src/data/questions.ts(2688,12): error TS1005: ';' expected.
src/data/questions.ts(2689,18): error TS1005: ';' expected.
src/data/questions.ts(2690,10): error TS1005: ';' expected.
src/data/questions.ts(2691,3): error TS1109: Expression expected.
src/data/questions.ts(2691,4): error TS1128: Declaration or statement expected.
src/data/questions.ts(2693,30): error TS1005: ';' expected.
src/data/questions.ts(2693,60): error TS1005: ';' expected.
src/data/questions.ts(2693,78): error TS1005: ';' expected.
src/data/questions.ts(2694,13): error TS1005: ';' expected.
src/data/questions.ts(2695,12): error TS1005: ';' expected.
src/data/questions.ts(2696,18): error TS1005: ';' expected.
src/data/questions.ts(2697,10): error TS1005: ';' expected.
src/data/questions.ts(2698,3): error TS1109: Expression expected.
src/data/questions.ts(2698,4): error TS1128: Declaration or statement expected.
src/data/questions.ts(2700,30): error TS1005: ';' expected.
src/data/questions.ts(2700,60): error TS1005: ';' expected.
src/data/questions.ts(2700,78): error TS1005: ';' expected.
src/data/questions.ts(2701,13): error TS1005: ';' expected.
src/data/questions.ts(2702,12): error TS1005: ';' expected.
src/data/questions.ts(2703,18): error TS1005: ';' expected.
src/data/questions.ts(2704,10): error TS1005: ';' expected.
src/data/questions.ts(2705,3): error TS1109: Expression expected.
src/data/questions.ts(2705,4): error TS1128: Declaration or statement expected.
src/data/questions.ts(2707,30): error TS1005: ';' expected.
src/data/questions.ts(2707,60): error TS1005: ';' expected.
src/data/questions.ts(2707,78): error TS1005: ';' expected.
src/data/questions.ts(2708,13): error TS1005: ';' expected.
src/data/questions.ts(2709,12): error TS1005: ';' expected.
src/data/questions.ts(2710,18): error TS1005: ';' expected.
src/data/questions.ts(2711,10): error TS1005: ';' expected.
src/data/questions.ts(2712,3): error TS1109: Expression expected.
src/data/questions.ts(2712,4): error TS1128: Declaration or statement expected.
src/data/questions.ts(2714,30): error TS1005: ';' expected.
src/data/questions.ts(2714,60): error TS1005: ';' expected.
src/data/questions.ts(2714,78): error TS1005: ';' expected.
src/data/questions.ts(2715,13): error TS1005: ';' expected.
src/data/questions.ts(2716,12): error TS1005: ';' expected.
src/data/questions.ts(2717,18): error TS1005: ';' expected.
src/data/questions.ts(2718,10): error TS1005: ';' expected.
src/data/questions.ts(2719,3): error TS1109: Expression expected.
src/data/questions.ts(2719,4): error TS1128: Declaration or statement expected.
src/data/questions.ts(2721,30): error TS1005: ';' expected.
src/data/questions.ts(2721,60): error TS1005: ';' expected.
src/data/questions.ts(2721,78): error TS1005: ';' expected.
src/data/questions.ts(2722,13): error TS1005: ';' expected.
src/data/questions.ts(2723,12): error TS1005: ';' expected.
src/data/questions.ts(2724,18): error TS1005: ';' expected.
src/data/questions.ts(2725,10): error TS1005: ';' expected.
src/data/questions.ts(2726,3): error TS1109: Expression expected.
src/data/questions.ts(2726,4): error TS1128: Declaration or statement expected.
src/data/questions.ts(2728,30): error TS1005: ';' expected.
src/data/questions.ts(2728,60): error TS1005: ';' expected.
src/data/questions.ts(2728,76): error TS1005: ';' expected.
src/data/questions.ts(2729,13): error TS1005: ';' expected.
src/data/questions.ts(2730,12): error TS1005: ';' expected.
src/data/questions.ts(2731,18): error TS1005: ';' expected.
src/data/questions.ts(2732,10): error TS1005: ';' expected.
src/data/questions.ts(2733,3): error TS1109: Expression expected.
src/data/questions.ts(2733,4): error TS1128: Declaration or statement expected.
src/data/questions.ts(2735,30): error TS1005: ';' expected.
src/data/questions.ts(2735,60): error TS1005: ';' expected.
src/data/questions.ts(2735,76): error TS1005: ';' expected.
src/data/questions.ts(2736,13): error TS1005: ';' expected.
src/data/questions.ts(2737,12): error TS1005: ';' expected.
src/data/questions.ts(2738,18): error TS1005: ';' expected.
src/data/questions.ts(2739,10): error TS1005: ';' expected.
src/data/questions.ts(2740,3): error TS1109: Expression expected.
src/data/questions.ts(2740,4): error TS1128: Declaration or statement expected.
src/data/questions.ts(2742,30): error TS1005: ';' expected.
src/data/questions.ts(2742,60): error TS1005: ';' expected.
src/data/questions.ts(2742,76): error TS1005: ';' expected.
src/data/questions.ts(2743,13): error TS1005: ';' expected.
src/data/questions.ts(2744,12): error TS1005: ';' expected.
src/data/questions.ts(2745,18): error TS1005: ';' expected.
src/data/questions.ts(2746,10): error TS1005: ';' expected.
src/data/questions.ts(2747,3): error TS1109: Expression expected.
src/data/questions.ts(2747,4): error TS1128: Declaration or statement expected.
src/data/questions.ts(2749,30): error TS1005: ';' expected.
src/data/questions.ts(2749,60): error TS1005: ';' expected.
src/data/questions.ts(2749,76): error TS1005: ';' expected.
src/data/questions.ts(2750,13): error TS1005: ';' expected.
src/data/questions.ts(2751,12): error TS1005: ';' expected.
src/data/questions.ts(2752,18): error TS1005: ';' expected.
src/data/questions.ts(2753,10): error TS1005: ';' expected.
src/data/questions.ts(2754,3): error TS1109: Expression expected.
src/data/questions.ts(2754,4): error TS1128: Declaration or statement expected.
src/data/questions.ts(2756,30): error TS1005: ';' expected.
src/data/questions.ts(2756,60): error TS1005: ';' expected.
src/data/questions.ts(2756,76): error TS1005: ';' expected.
src/data/questions.ts(2757,13): error TS1005: ';' expected.
src/data/questions.ts(2758,12): error TS1005: ';' expected.
src/data/questions.ts(2759,18): error TS1005: ';' expected.
src/data/questions.ts(2760,10): error TS1005: ';' expected.
src/data/questions.ts(2761,3): error TS1109: Expression expected.
src/data/questions.ts(2761,4): error TS1128: Declaration or statement expected.
src/data/questions.ts(2763,30): error TS1005: ';' expected.
src/data/questions.ts(2763,60): error TS1005: ';' expected.
src/data/questions.ts(2763,76): error TS1005: ';' expected.
src/data/questions.ts(2764,13): error TS1005: ';' expected.
src/data/questions.ts(2765,12): error TS1005: ';' expected.
src/data/questions.ts(2766,18): error TS1005: ';' expected.
src/data/questions.ts(2767,10): error TS1005: ';' expected.
src/data/questions.ts(2768,3): error TS1109: Expression expected.
src/data/questions.ts(2768,4): error TS1128: Declaration or statement expected.
src/data/questions.ts(2770,30): error TS1005: ';' expected.
src/data/questions.ts(2770,60): error TS1005: ';' expected.
src/data/questions.ts(2770,76): error TS1005: ';' expected.
src/data/questions.ts(2771,13): error TS1005: ';' expected.
src/data/questions.ts(2772,12): error TS1005: ';' expected.
src/data/questions.ts(2773,18): error TS1005: ';' expected.
src/data/questions.ts(2774,10): error TS1005: ';' expected.
src/data/questions.ts(2775,3): error TS1109: Expression expected.
src/data/questions.ts(2775,4): error TS1128: Declaration or statement expected.
src/data/questions.ts(2777,30): error TS1005: ';' expected.
src/data/questions.ts(2777,60): error TS1005: ';' expected.
src/data/questions.ts(2777,76): error TS1005: ';' expected.
src/data/questions.ts(2778,13): error TS1005: ';' expected.
src/data/questions.ts(2779,12): error TS1005: ';' expected.
src/data/questions.ts(2780,18): error TS1005: ';' expected.
src/data/questions.ts(2781,10): error TS1005: ';' expected.
src/data/questions.ts(2782,3): error TS1109: Expression expected.
src/data/questions.ts(2782,4): error TS1128: Declaration or statement expected.
src/data/questions.ts(2784,30): error TS1005: ';' expected.
src/data/questions.ts(2784,60): error TS1005: ';' expected.
src/data/questions.ts(2784,76): error TS1005: ';' expected.
src/data/questions.ts(2785,13): error TS1005: ';' expected.
src/data/questions.ts(2786,12): error TS1005: ';' expected.
src/data/questions.ts(2787,18): error TS1005: ';' expected.
src/data/questions.ts(2788,10): error TS1005: ';' expected.
src/data/questions.ts(2789,3): error TS1109: Expression expected.
src/data/questions.ts(2789,4): error TS1128: Declaration or statement expected.
src/data/questions.ts(2791,30): error TS1005: ';' expected.
src/data/questions.ts(2791,60): error TS1005: ';' expected.
src/data/questions.ts(2791,76): error TS1005: ';' expected.
src/data/questions.ts(2792,13): error TS1005: ';' expected.
src/data/questions.ts(2793,12): error TS1005: ';' expected.
src/data/questions.ts(2794,18): error TS1005: ';' expected.
src/data/questions.ts(2795,10): error TS1005: ';' expected.
src/data/questions.ts(2796,3): error TS1109: Expression expected.
src/data/questions.ts(2796,4): error TS1128: Declaration or statement expected.
src/data/questions.ts(2797,1): error TS1128: Declaration or statement expected.
